../Core/Src/main.c:87:6:microDelay	16	static
../Core/Src/main.c:92:9:DHT_Start	32	static
../Core/Src/main.c:134:9:DHT_Read	16	static
../Core/Src/main.c:166:6:StartThermal_and_Humidity	176	static
../Core/Src/main.c:221:10:ReadADC_Channel	40	static
../Core/Src/main.c:254:6:map_long	32	static
../Core/Src/main.c:268:5:main	192	static
../Core/Src/main.c:378:6:SystemClock_Config	88	static
../Core/Src/main.c:425:13:MX_ADC1_Init	24	static
../Core/Src/main.c:477:13:MX_TIM1_Init	32	static
../Core/Src/main.c:523:13:MX_USART1_UART_Init	8	static
../Core/Src/main.c:556:13:MX_USART2_UART_Init	8	static
../Core/Src/main.c:589:13:MX_GPIO_Init	48	static
../Core/Src/main.c:631:6:Error_Handler	4	static,ignoring_inline_asm
