../Core/Src/main.c:81:13:DWT_Delay_Init	4	static
../Core/Src/main.c:87:13:delay_us	24	static
../Core/Src/main.c:94:13:DS18B20_LineLow	8	static
../Core/Src/main.c:99:13:DS18B20_LineRelease	8	static
../Core/Src/main.c:104:22:DS18B20_ReadLine	8	static
../Core/Src/main.c:110:16:DS18B20_Reset	16	static
../Core/Src/main.c:127:13:DS18B20_WriteBit	16	static
../Core/Src/main.c:144:16:DS18B20_ReadBit	16	static
../Core/Src/main.c:158:13:DS18B20_WriteByte	24	static
../Core/Src/main.c:167:16:DS18B20_ReadByte	16	static
../Core/Src/main.c:182:7:DS18B20_ReadTemperature	32	static
../Core/Src/main.c:226:10:ReadADC_Channel	40	static
../Core/Src/main.c:259:6:map_long	32	static
../Core/Src/main.c:273:5:main	144	static
../Core/Src/main.c:369:6:SystemClock_Config	88	static
../Core/Src/main.c:416:13:MX_ADC1_Init	24	static
../Core/Src/main.c:468:13:MX_USART1_UART_Init	8	static
../Core/Src/main.c:501:13:MX_USART2_UART_Init	8	static
../Core/Src/main.c:534:13:MX_GPIO_Init	48	static
../Core/Src/main.c:576:6:Error_Handler	4	static,ignoring_inline_asm
