13:14:25 **** Incremental Build of configuration Debug for project hardware ****
make -j22 all 
arm-none-eabi-gcc "../Core/Src/dht.c" -mcpu=cortex-m4 -std=gnu11 -g3 -DDEBUG -DUSE_HAL_DRIVER -DSTM32F411xE -c -I../Core/Inc -I../Drivers/STM32F4xx_HAL_Driver/Inc -I../Drivers/STM32F4xx_HAL_Driver/Inc/Legacy -I../Drivers/CMSIS/Device/ST/STM32F4xx/Include -I../Drivers/CMSIS/Include -O0 -ffunction-sections -fdata-sections -Wall -fstack-usage -fcyclomatic-complexity -MMD -MP -MF"Core/Src/dht.d" -MT"Core/Src/dht.o" --specs=nano.specs -mfpu=fpv4-sp-d16 -mfloat-abi=hard -mthumb -o "Core/Src/dht.o"
arm-none-eabi-gcc "../Core/Src/main.c" -mcpu=cortex-m4 -std=gnu11 -g3 -DDEBUG -DUSE_HAL_DRIVER -DSTM32F411xE -c -I../Core/Inc -I../Drivers/STM32F4xx_HAL_Driver/Inc -I../Drivers/STM32F4xx_HAL_Driver/Inc/Legacy -I../Drivers/CMSIS/Device/ST/STM32F4xx/Include -I../Drivers/CMSIS/Include -O0 -ffunction-sections -fdata-sections -Wall -fstack-usage -fcyclomatic-complexity -MMD -MP -MF"Core/Src/main.d" -MT"Core/Src/main.o" --specs=nano.specs -mfpu=fpv4-sp-d16 -mfloat-abi=hard -mthumb -o "Core/Src/main.o"
arm-none-eabi-gcc "../Core/Src/stm32f4xx_hal_msp.c" -mcpu=cortex-m4 -std=gnu11 -g3 -DDEBUG -DUSE_HAL_DRIVER -DSTM32F411xE -c -I../Core/Inc -I../Drivers/STM32F4xx_HAL_Driver/Inc -I../Drivers/STM32F4xx_HAL_Driver/Inc/Legacy -I../Drivers/CMSIS/Device/ST/STM32F4xx/Include -I../Drivers/CMSIS/Include -O0 -ffunction-sections -fdata-sections -Wall -fstack-usage -fcyclomatic-complexity -MMD -MP -MF"Core/Src/stm32f4xx_hal_msp.d" -MT"Core/Src/stm32f4xx_hal_msp.o" --specs=nano.specs -mfpu=fpv4-sp-d16 -mfloat-abi=hard -mthumb -o "Core/Src/stm32f4xx_hal_msp.o"
arm-none-eabi-gcc "../Core/Src/stm32f4xx_it.c" -mcpu=cortex-m4 -std=gnu11 -g3 -DDEBUG -DUSE_HAL_DRIVER -DSTM32F411xE -c -I../Core/Inc -I../Drivers/STM32F4xx_HAL_Driver/Inc -I../Drivers/STM32F4xx_HAL_Driver/Inc/Legacy -I../Drivers/CMSIS/Device/ST/STM32F4xx/Include -I../Drivers/CMSIS/Include -O0 -ffunction-sections -fdata-sections -Wall -fstack-usage -fcyclomatic-complexity -MMD -MP -MF"Core/Src/stm32f4xx_it.d" -MT"Core/Src/stm32f4xx_it.o" --specs=nano.specs -mfpu=fpv4-sp-d16 -mfloat-abi=hard -mthumb -o "Core/Src/stm32f4xx_it.o"
arm-none-eabi-gcc "../Core/Src/syscalls.c" -mcpu=cortex-m4 -std=gnu11 -g3 -DDEBUG -DUSE_HAL_DRIVER -DSTM32F411xE -c -I../Core/Inc -I../Drivers/STM32F4xx_HAL_Driver/Inc -I../Drivers/STM32F4xx_HAL_Driver/Inc/Legacy -I../Drivers/CMSIS/Device/ST/STM32F4xx/Include -I../Drivers/CMSIS/Include -O0 -ffunction-sections -fdata-sections -Wall -fstack-usage -fcyclomatic-complexity -MMD -MP -MF"Core/Src/syscalls.d" -MT"Core/Src/syscalls.o" --specs=nano.specs -mfpu=fpv4-sp-d16 -mfloat-abi=hard -mthumb -o "Core/Src/syscalls.o"
arm-none-eabi-gcc "../Core/Src/sysmem.c" -mcpu=cortex-m4 -std=gnu11 -g3 -DDEBUG -DUSE_HAL_DRIVER -DSTM32F411xE -c -I../Core/Inc -I../Drivers/STM32F4xx_HAL_Driver/Inc -I../Drivers/STM32F4xx_HAL_Driver/Inc/Legacy -I../Drivers/CMSIS/Device/ST/STM32F4xx/Include -I../Drivers/CMSIS/Include -O0 -ffunction-sections -fdata-sections -Wall -fstack-usage -fcyclomatic-complexity -MMD -MP -MF"Core/Src/sysmem.d" -MT"Core/Src/sysmem.o" --specs=nano.specs -mfpu=fpv4-sp-d16 -mfloat-abi=hard -mthumb -o "Core/Src/sysmem.o"
arm-none-eabi-gcc "../Core/Src/system_stm32f4xx.c" -mcpu=cortex-m4 -std=gnu11 -g3 -DDEBUG -DUSE_HAL_DRIVER -DSTM32F411xE -c -I../Core/Inc -I../Drivers/STM32F4xx_HAL_Driver/Inc -I../Drivers/STM32F4xx_HAL_Driver/Inc/Legacy -I../Drivers/CMSIS/Device/ST/STM32F4xx/Include -I../Drivers/CMSIS/Include -O0 -ffunction-sections -fdata-sections -Wall -fstack-usage -fcyclomatic-complexity -MMD -MP -MF"Core/Src/system_stm32f4xx.d" -MT"Core/Src/system_stm32f4xx.o" --specs=nano.specs -mfpu=fpv4-sp-d16 -mfloat-abi=hard -mthumb -o "Core/Src/system_stm32f4xx.o"
arm-none-eabi-gcc -o "hardware.elf" @"objects.list"   -mcpu=cortex-m4 -T"C:\embeded-final\hardware\STM32F411RETX_FLASH.ld" --specs=nosys.specs -Wl,-Map="hardware.map" -Wl,--gc-sections -static --specs=nano.specs -mfpu=fpv4-sp-d16 -mfloat-abi=hard -mthumb -Wl,--start-group -lc -lm -Wl,--end-group
Finished building target: hardware.elf
 
arm-none-eabi-size  hardware.elf 
arm-none-eabi-objdump -h -S hardware.elf  > "hardware.list"
   text	   data	    bss	    dec	    hex	filename
  15220	     92	   2228	  17540	   4484	hardware.elf
Finished building: default.size.stdout
 
Finished building: hardware.list
 
13:18:00 **** Incremental Build of configuration Debug for project hardware ****
make -j22 all 
arm-none-eabi-gcc "../Core/Src/dht.c" -mcpu=cortex-m4 -std=gnu11 -g3 -DDEBUG -DUSE_HAL_DRIVER -DSTM32F411xE -c -I../Core/Inc -I../Drivers/STM32F4xx_HAL_Driver/Inc -I../Drivers/STM32F4xx_HAL_Driver/Inc/Legacy -I../Drivers/CMSIS/Device/ST/STM32F4xx/Include -I../Drivers/CMSIS/Include -O0 -ffunction-sections -fdata-sections -Wall -fstack-usage -fcyclomatic-complexity -MMD -MP -MF"Core/Src/dht.d" -MT"Core/Src/dht.o" --specs=nano.specs -mfpu=fpv4-sp-d16 -mfloat-abi=hard -mthumb -o "Core/Src/dht.o"
arm-none-eabi-gcc -o "hardware.elf" @"objects.list"   -mcpu=cortex-m4 -T"C:\embeded-final\hardware\STM32F411RETX_FLASH.ld" --specs=nosys.specs -Wl,-Map="hardware.map" -Wl,--gc-sections -static --specs=nano.specs -mfpu=fpv4-sp-d16 -mfloat-abi=hard -mthumb -Wl,--start-group -lc -lm -Wl,--end-group
Finished building target: hardware.elf
 
arm-none-eabi-size  hardware.elf 
arm-none-eabi-objdump -h -S hardware.elf  > "hardware.list"
   text	   data	    bss	    dec	    hex	filename
  15220	     92	   2228	  17540	   4484	hardware.elf
Finished building: default.size.stdout
 
Finished building: hardware.list
 
13:18:30 **** Incremental Build of configuration Debug for project hardware ****
make -j22 all 
arm-none-eabi-size  hardware.elf 
   text	   data	    bss	    dec	    hex	filename
  15220	     92	   2228	  17540	   4484	hardware.elf
Finished building: default.size.stdout
 
13:30:06 **** Incremental Build of configuration Debug for project hardware ****
make -j22 all 
arm-none-eabi-gcc "../Core/Src/main.c" -mcpu=cortex-m4 -std=gnu11 -g3 -DDEBUG -DUSE_HAL_DRIVER -DSTM32F411xE -c -I../Core/Inc -I../Drivers/STM32F4xx_HAL_Driver/Inc -I../Drivers/STM32F4xx_HAL_Driver/Inc/Legacy -I../Drivers/CMSIS/Device/ST/STM32F4xx/Include -I../Drivers/CMSIS/Include -O0 -ffunction-sections -fdata-sections -Wall -fstack-usage -fcyclomatic-complexity -MMD -MP -MF"Core/Src/main.d" -MT"Core/Src/main.o" --specs=nano.specs -mfpu=fpv4-sp-d16 -mfloat-abi=hard -mthumb -o "Core/Src/main.o"
arm-none-eabi-gcc -o "hardware.elf" @"objects.list"   -mcpu=cortex-m4 -T"C:\embeded-final\hardware\STM32F411RETX_FLASH.ld" --specs=nosys.specs -Wl,-Map="hardware.map" -Wl,--gc-sections -static --specs=nano.specs -mfpu=fpv4-sp-d16 -mfloat-abi=hard -mthumb -Wl,--start-group -lc -lm -Wl,--end-group
Finished building target: hardware.elf
 
arm-none-eabi-size  hardware.elf 
arm-none-eabi-objdump -h -S hardware.elf  > "hardware.list"
   text	   data	    bss	    dec	    hex	filename
  16148	     92	   2228	  18468	   4824	hardware.elf
Finished building: default.size.stdout
 
Finished building: hardware.list
 
13:30:20 **** Incremental Build of configuration Debug for project hardware ****
make -j22 all 
arm-none-eabi-size  hardware.elf 
   text	   data	    bss	    dec	    hex	filename
  16148	     92	   2228	  18468	   4824	hardware.elf
Finished building: default.size.stdout
 
13:30:25 **** Incremental Build of configuration Debug for project hardware ****
make -j22 all 
arm-none-eabi-size  hardware.elf 
   text	   data	    bss	    dec	    hex	filename
  16148	     92	   2228	  18468	   4824	hardware.elf
Finished building: default.size.stdout
 
13:30:36 **** Incremental Build of configuration Debug for project hardware ****
make -j22 all 
arm-none-eabi-size  hardware.elf 
   text	   data	    bss	    dec	    hex	filename
  16148	     92	   2228	  18468	   4824	hardware.elf
Finished building: default.size.stdout
 
13:30:45 **** Incremental Build of configuration Debug for project hardware ****
make -j22 all 
arm-none-eabi-size  hardware.elf 
   text	   data	    bss	    dec	    hex	filename
  16148	     92	   2228	  18468	   4824	hardware.elf
Finished building: default.size.stdout
 
14:46:46 **** Incremental Build of configuration Debug for project hardware ****
make -j22 all 
arm-none-eabi-gcc "../Core/Src/dht.c" -mcpu=cortex-m4 -std=gnu11 -g3 -DDEBUG -DUSE_HAL_DRIVER -DSTM32F411xE -c -I../Core/Inc -I../Drivers/STM32F4xx_HAL_Driver/Inc -I../Drivers/STM32F4xx_HAL_Driver/Inc/Legacy -I../Drivers/CMSIS/Device/ST/STM32F4xx/Include -I../Drivers/CMSIS/Include -O0 -ffunction-sections -fdata-sections -Wall -fstack-usage -fcyclomatic-complexity -MMD -MP -MF"Core/Src/dht.d" -MT"Core/Src/dht.o" --specs=nano.specs -mfpu=fpv4-sp-d16 -mfloat-abi=hard -mthumb -o "Core/Src/dht.o"
arm-none-eabi-gcc "../Core/Src/main.c" -mcpu=cortex-m4 -std=gnu11 -g3 -DDEBUG -DUSE_HAL_DRIVER -DSTM32F411xE -c -I../Core/Inc -I../Drivers/STM32F4xx_HAL_Driver/Inc -I../Drivers/STM32F4xx_HAL_Driver/Inc/Legacy -I../Drivers/CMSIS/Device/ST/STM32F4xx/Include -I../Drivers/CMSIS/Include -O0 -ffunction-sections -fdata-sections -Wall -fstack-usage -fcyclomatic-complexity -MMD -MP -MF"Core/Src/main.d" -MT"Core/Src/main.o" --specs=nano.specs -mfpu=fpv4-sp-d16 -mfloat-abi=hard -mthumb -o "Core/Src/main.o"
../Core/Src/main.c: In function 'MX_GPIO_Init':
../Core/Src/main.c:201:27: error: 'LD2_Pin' undeclared (first use in this function)
  201 |   GPIO_InitStruct.Pin   = LD2_Pin;
      |                           ^~~~~~~
../Core/Src/main.c:201:27: note: each undeclared identifier is reported only once for each function it appears in
../Core/Src/main.c:205:17: error: 'LD2_GPIO_Port' undeclared (first use in this function); did you mean 'TCK_GPIO_Port'?
  205 |   HAL_GPIO_Init(LD2_GPIO_Port, &GPIO_InitStruct);
      |                 ^~~~~~~~~~~~~
      |                 TCK_GPIO_Port
make: *** [Core/Src/subdir.mk:37: Core/Src/main.o] Error 1
make: *** Waiting for unfinished jobs....
"make -j22 all" terminated with exit code 2. Build might be incomplete.
14:55:13 **** Incremental Build of configuration Debug for project hardware ****
make -j22 all 
arm-none-eabi-gcc "../Core/Src/dht.c" -mcpu=cortex-m4 -std=gnu11 -g3 -DDEBUG -DUSE_HAL_DRIVER -DSTM32F411xE -c -I../Core/Inc -I../Drivers/STM32F4xx_HAL_Driver/Inc -I../Drivers/STM32F4xx_HAL_Driver/Inc/Legacy -I../Drivers/CMSIS/Device/ST/STM32F4xx/Include -I../Drivers/CMSIS/Include -O0 -ffunction-sections -fdata-sections -Wall -fstack-usage -fcyclomatic-complexity -MMD -MP -MF"Core/Src/dht.d" -MT"Core/Src/dht.o" --specs=nano.specs -mfpu=fpv4-sp-d16 -mfloat-abi=hard -mthumb -o "Core/Src/dht.o"
arm-none-eabi-gcc "../Core/Src/main.c" -mcpu=cortex-m4 -std=gnu11 -g3 -DDEBUG -DUSE_HAL_DRIVER -DSTM32F411xE -c -I../Core/Inc -I../Drivers/STM32F4xx_HAL_Driver/Inc -I../Drivers/STM32F4xx_HAL_Driver/Inc/Legacy -I../Drivers/CMSIS/Device/ST/STM32F4xx/Include -I../Drivers/CMSIS/Include -O0 -ffunction-sections -fdata-sections -Wall -fstack-usage -fcyclomatic-complexity -MMD -MP -MF"Core/Src/main.d" -MT"Core/Src/main.o" --specs=nano.specs -mfpu=fpv4-sp-d16 -mfloat-abi=hard -mthumb -o "Core/Src/main.o"
../Core/Src/main.c: In function 'main':
../Core/Src/main.c:209:24: error: 'LD2_GPIO_Port' undeclared (first use in this function); did you mean 'TCK_GPIO_Port'?
  209 |     HAL_GPIO_TogglePin(LD2_GPIO_Port, LD2_Pin);
      |                        ^~~~~~~~~~~~~
      |                        TCK_GPIO_Port
../Core/Src/main.c:209:24: note: each undeclared identifier is reported only once for each function it appears in
../Core/Src/main.c:209:39: error: 'LD2_Pin' undeclared (first use in this function)
  209 |     HAL_GPIO_TogglePin(LD2_GPIO_Port, LD2_Pin);
      |                                       ^~~~~~~
../Core/Src/main.c: In function 'MX_GPIO_Init':
../Core/Src/main.c:335:21: error: 'LD2_GPIO_Port' undeclared (first use in this function); did you mean 'TCK_GPIO_Port'?
  335 |   HAL_GPIO_WritePin(LD2_GPIO_Port, LD2_Pin, GPIO_PIN_RESET);
      |                     ^~~~~~~~~~~~~
      |                     TCK_GPIO_Port
../Core/Src/main.c:335:36: error: 'LD2_Pin' undeclared (first use in this function)
  335 |   HAL_GPIO_WritePin(LD2_GPIO_Port, LD2_Pin, GPIO_PIN_RESET);
      |                                    ^~~~~~~
make: *** [Core/Src/subdir.mk:37: Core/Src/main.o] Error 1
make: *** Waiting for unfinished jobs....
"make -j22 all" terminated with exit code 2. Build might be incomplete.
14:57:52 **** Incremental Build of configuration Debug for project hardware ****
make -j22 all 
arm-none-eabi-gcc "../Core/Src/main.c" -mcpu=cortex-m4 -std=gnu11 -g3 -DDEBUG -DUSE_HAL_DRIVER -DSTM32F411xE -c -I../Core/Inc -I../Drivers/STM32F4xx_HAL_Driver/Inc -I../Drivers/STM32F4xx_HAL_Driver/Inc/Legacy -I../Drivers/CMSIS/Device/ST/STM32F4xx/Include -I../Drivers/CMSIS/Include -O0 -ffunction-sections -fdata-sections -Wall -fstack-usage -fcyclomatic-complexity -MMD -MP -MF"Core/Src/main.d" -MT"Core/Src/main.o" --specs=nano.specs -mfpu=fpv4-sp-d16 -mfloat-abi=hard -mthumb -o "Core/Src/main.o"
arm-none-eabi-gcc -o "hardware.elf" @"objects.list"   -mcpu=cortex-m4 -T"C:\embeded-final\hardware\STM32F411RETX_FLASH.ld" --specs=nosys.specs -Wl,-Map="hardware.map" -Wl,--gc-sections -static --specs=nano.specs -mfpu=fpv4-sp-d16 -mfloat-abi=hard -mthumb -Wl,--start-group -lc -lm -Wl,--end-group
Finished building target: hardware.elf
 
arm-none-eabi-size  hardware.elf 
arm-none-eabi-objdump -h -S hardware.elf  > "hardware.list"
   text	   data	    bss	    dec	    hex	filename
  15176	     92	   2228	  17496	   4458	hardware.elf
Finished building: default.size.stdout
 
Finished building: hardware.list
 
15:03:44 **** Incremental Build of configuration Debug for project hardware ****
make -j22 all 
arm-none-eabi-size  hardware.elf 
   text	   data	    bss	    dec	    hex	filename
  15176	     92	   2228	  17496	   4458	hardware.elf
Finished building: default.size.stdout
 
15:04:27 **** Incremental Build of configuration Debug for project hardware ****
make -j22 all 
arm-none-eabi-size  hardware.elf 
   text	   data	    bss	    dec	    hex	filename
  15176	     92	   2228	  17496	   4458	hardware.elf
Finished building: default.size.stdout
 
15:05:21 **** Incremental Build of configuration Debug for project hardware ****
make -j22 all 
arm-none-eabi-gcc "../Core/Src/main.c" -mcpu=cortex-m4 -std=gnu11 -g3 -DDEBUG -DUSE_HAL_DRIVER -DSTM32F411xE -c -I../Core/Inc -I../Drivers/STM32F4xx_HAL_Driver/Inc -I../Drivers/STM32F4xx_HAL_Driver/Inc/Legacy -I../Drivers/CMSIS/Device/ST/STM32F4xx/Include -I../Drivers/CMSIS/Include -O0 -ffunction-sections -fdata-sections -Wall -fstack-usage -fcyclomatic-complexity -MMD -MP -MF"Core/Src/main.d" -MT"Core/Src/main.o" --specs=nano.specs -mfpu=fpv4-sp-d16 -mfloat-abi=hard -mthumb -o "Core/Src/main.o"
arm-none-eabi-gcc -o "hardware.elf" @"objects.list"   -mcpu=cortex-m4 -T"C:\embeded-final\hardware\STM32F411RETX_FLASH.ld" --specs=nosys.specs -Wl,-Map="hardware.map" -Wl,--gc-sections -static --specs=nano.specs -mfpu=fpv4-sp-d16 -mfloat-abi=hard -mthumb -Wl,--start-group -lc -lm -Wl,--end-group
Finished building target: hardware.elf
 
arm-none-eabi-size  hardware.elf 
arm-none-eabi-objdump -h -S hardware.elf  > "hardware.list"
   text	   data	    bss	    dec	    hex	filename
  15216	     92	   2228	  17536	   4480	hardware.elf
Finished building: default.size.stdout
 
Finished building: hardware.list
 
15:05:25 **** Incremental Build of configuration Debug for project hardware ****
make -j22 all 
arm-none-eabi-size  hardware.elf 
   text	   data	    bss	    dec	    hex	filename
  15216	     92	   2228	  17536	   4480	hardware.elf
Finished building: default.size.stdout
 
15:05:55 **** Incremental Build of configuration Debug for project hardware ****
make -j22 all 
arm-none-eabi-size  hardware.elf 
   text	   data	    bss	    dec	    hex	filename
  15216	     92	   2228	  17536	   4480	hardware.elf
Finished building: default.size.stdout
 
15:17:07 **** Incremental Build of configuration Debug for project hardware ****
make -j22 all 
arm-none-eabi-gcc "../Core/Src/main.c" -mcpu=cortex-m4 -std=gnu11 -g3 -DDEBUG -DUSE_HAL_DRIVER -DSTM32F411xE -c -I../Core/Inc -I../Drivers/STM32F4xx_HAL_Driver/Inc -I../Drivers/STM32F4xx_HAL_Driver/Inc/Legacy -I../Drivers/CMSIS/Device/ST/STM32F4xx/Include -I../Drivers/CMSIS/Include -O0 -ffunction-sections -fdata-sections -Wall -fstack-usage -fcyclomatic-complexity -MMD -MP -MF"Core/Src/main.d" -MT"Core/Src/main.o" --specs=nano.specs -mfpu=fpv4-sp-d16 -mfloat-abi=hard -mthumb -o "Core/Src/main.o"
arm-none-eabi-gcc -o "hardware.elf" @"objects.list"   -mcpu=cortex-m4 -T"C:\embeded-final\hardware\STM32F411RETX_FLASH.ld" --specs=nosys.specs -Wl,-Map="hardware.map" -Wl,--gc-sections -static --specs=nano.specs -mfpu=fpv4-sp-d16 -mfloat-abi=hard -mthumb -Wl,--start-group -lc -lm -Wl,--end-group
Finished building target: hardware.elf
 
arm-none-eabi-size  hardware.elf 
arm-none-eabi-objdump -h -S hardware.elf  > "hardware.list"
   text	   data	    bss	    dec	    hex	filename
  15216	     92	   2228	  17536	   4480	hardware.elf
Finished building: default.size.stdout
 
Finished building: hardware.list
 
15:17:15 **** Incremental Build of configuration Debug for project hardware ****
make -j22 all 
arm-none-eabi-size  hardware.elf 
   text	   data	    bss	    dec	    hex	filename
  15216	     92	   2228	  17536	   4480	hardware.elf
Finished building: default.size.stdout
 
15:23:09 **** Incremental Build of configuration Debug for project hardware ****
make -j22 all 
arm-none-eabi-gcc "../Core/Src/main.c" -mcpu=cortex-m4 -std=gnu11 -g3 -DDEBUG -DUSE_HAL_DRIVER -DSTM32F411xE -c -I../Core/Inc -I../Drivers/STM32F4xx_HAL_Driver/Inc -I../Drivers/STM32F4xx_HAL_Driver/Inc/Legacy -I../Drivers/CMSIS/Device/ST/STM32F4xx/Include -I../Drivers/CMSIS/Include -O0 -ffunction-sections -fdata-sections -Wall -fstack-usage -fcyclomatic-complexity -MMD -MP -MF"Core/Src/main.d" -MT"Core/Src/main.o" --specs=nano.specs -mfpu=fpv4-sp-d16 -mfloat-abi=hard -mthumb -o "Core/Src/main.o"
arm-none-eabi-gcc -o "hardware.elf" @"objects.list"   -mcpu=cortex-m4 -T"C:\embeded-final\hardware\STM32F411RETX_FLASH.ld" --specs=nosys.specs -Wl,-Map="hardware.map" -Wl,--gc-sections -static --specs=nano.specs -mfpu=fpv4-sp-d16 -mfloat-abi=hard -mthumb -Wl,--start-group -lc -lm -Wl,--end-group
Finished building target: hardware.elf
 
arm-none-eabi-size  hardware.elf 
arm-none-eabi-objdump -h -S hardware.elf  > "hardware.list"
   text	   data	    bss	    dec	    hex	filename
  14156	     92	   2124	  16372	   3ff4	hardware.elf
Finished building: default.size.stdout
 
Finished building: hardware.list
 
15:23:13 **** Incremental Build of configuration Debug for project hardware ****
make -j22 all 
arm-none-eabi-size  hardware.elf 
   text	   data	    bss	    dec	    hex	filename
  14156	     92	   2124	  16372	   3ff4	hardware.elf
Finished building: default.size.stdout
 
15:27:29 **** Incremental Build of configuration Debug for project hardware ****
make -j22 all 
arm-none-eabi-gcc "../Core/Src/main.c" -mcpu=cortex-m4 -std=gnu11 -g3 -DDEBUG -DUSE_HAL_DRIVER -DSTM32F411xE -c -I../Core/Inc -I../Drivers/STM32F4xx_HAL_Driver/Inc -I../Drivers/STM32F4xx_HAL_Driver/Inc/Legacy -I../Drivers/CMSIS/Device/ST/STM32F4xx/Include -I../Drivers/CMSIS/Include -O0 -ffunction-sections -fdata-sections -Wall -fstack-usage -fcyclomatic-complexity -MMD -MP -MF"Core/Src/main.d" -MT"Core/Src/main.o" --specs=nano.specs -mfpu=fpv4-sp-d16 -mfloat-abi=hard -mthumb -o "Core/Src/main.o"
../Core/Src/main.c: In function 'main':
../Core/Src/main.c:154:3: warning: implicit declaration of function 'DWT_Delay_Init' [-Wimplicit-function-declaration]
  154 |   DWT_Delay_Init();
      |   ^~~~~~~~~~~~~~
arm-none-eabi-gcc -o "hardware.elf" @"objects.list"   -mcpu=cortex-m4 -T"C:\embeded-final\hardware\STM32F411RETX_FLASH.ld" --specs=nosys.specs -Wl,-Map="hardware.map" -Wl,--gc-sections -static --specs=nano.specs -mfpu=fpv4-sp-d16 -mfloat-abi=hard -mthumb -Wl,--start-group -lc -lm -Wl,--end-group
Finished building target: hardware.elf
 
arm-none-eabi-size  hardware.elf 
arm-none-eabi-objdump -h -S hardware.elf  > "hardware.list"
   text	   data	    bss	    dec	    hex	filename
  15268	     92	   2228	  17588	   44b4	hardware.elf
Finished building: default.size.stdout
 
Finished building: hardware.list
 
15:27:35 **** Incremental Build of configuration Debug for project hardware ****
make -j22 all 
arm-none-eabi-size  hardware.elf 
   text	   data	    bss	    dec	    hex	filename
  15268	     92	   2228	  17588	   44b4	hardware.elf
Finished building: default.size.stdout
 
