13:14:25 **** Incremental Build of configuration Debug for project hardware ****
make -j22 all 
arm-none-eabi-gcc "../Core/Src/dht.c" -mcpu=cortex-m4 -std=gnu11 -g3 -DDEBUG -DUSE_HAL_DRIVER -DSTM32F411xE -c -I../Core/Inc -I../Drivers/STM32F4xx_HAL_Driver/Inc -I../Drivers/STM32F4xx_HAL_Driver/Inc/Legacy -I../Drivers/CMSIS/Device/ST/STM32F4xx/Include -I../Drivers/CMSIS/Include -O0 -ffunction-sections -fdata-sections -Wall -fstack-usage -fcyclomatic-complexity -MMD -MP -MF"Core/Src/dht.d" -MT"Core/Src/dht.o" --specs=nano.specs -mfpu=fpv4-sp-d16 -mfloat-abi=hard -mthumb -o "Core/Src/dht.o"
arm-none-eabi-gcc "../Core/Src/main.c" -mcpu=cortex-m4 -std=gnu11 -g3 -DDEBUG -DUSE_HAL_DRIVER -DSTM32F411xE -c -I../Core/Inc -I../Drivers/STM32F4xx_HAL_Driver/Inc -I../Drivers/STM32F4xx_HAL_Driver/Inc/Legacy -I../Drivers/CMSIS/Device/ST/STM32F4xx/Include -I../Drivers/CMSIS/Include -O0 -ffunction-sections -fdata-sections -Wall -fstack-usage -fcyclomatic-complexity -MMD -MP -MF"Core/Src/main.d" -MT"Core/Src/main.o" --specs=nano.specs -mfpu=fpv4-sp-d16 -mfloat-abi=hard -mthumb -o "Core/Src/main.o"
arm-none-eabi-gcc "../Core/Src/stm32f4xx_hal_msp.c" -mcpu=cortex-m4 -std=gnu11 -g3 -DDEBUG -DUSE_HAL_DRIVER -DSTM32F411xE -c -I../Core/Inc -I../Drivers/STM32F4xx_HAL_Driver/Inc -I../Drivers/STM32F4xx_HAL_Driver/Inc/Legacy -I../Drivers/CMSIS/Device/ST/STM32F4xx/Include -I../Drivers/CMSIS/Include -O0 -ffunction-sections -fdata-sections -Wall -fstack-usage -fcyclomatic-complexity -MMD -MP -MF"Core/Src/stm32f4xx_hal_msp.d" -MT"Core/Src/stm32f4xx_hal_msp.o" --specs=nano.specs -mfpu=fpv4-sp-d16 -mfloat-abi=hard -mthumb -o "Core/Src/stm32f4xx_hal_msp.o"
arm-none-eabi-gcc "../Core/Src/stm32f4xx_it.c" -mcpu=cortex-m4 -std=gnu11 -g3 -DDEBUG -DUSE_HAL_DRIVER -DSTM32F411xE -c -I../Core/Inc -I../Drivers/STM32F4xx_HAL_Driver/Inc -I../Drivers/STM32F4xx_HAL_Driver/Inc/Legacy -I../Drivers/CMSIS/Device/ST/STM32F4xx/Include -I../Drivers/CMSIS/Include -O0 -ffunction-sections -fdata-sections -Wall -fstack-usage -fcyclomatic-complexity -MMD -MP -MF"Core/Src/stm32f4xx_it.d" -MT"Core/Src/stm32f4xx_it.o" --specs=nano.specs -mfpu=fpv4-sp-d16 -mfloat-abi=hard -mthumb -o "Core/Src/stm32f4xx_it.o"
arm-none-eabi-gcc "../Core/Src/syscalls.c" -mcpu=cortex-m4 -std=gnu11 -g3 -DDEBUG -DUSE_HAL_DRIVER -DSTM32F411xE -c -I../Core/Inc -I../Drivers/STM32F4xx_HAL_Driver/Inc -I../Drivers/STM32F4xx_HAL_Driver/Inc/Legacy -I../Drivers/CMSIS/Device/ST/STM32F4xx/Include -I../Drivers/CMSIS/Include -O0 -ffunction-sections -fdata-sections -Wall -fstack-usage -fcyclomatic-complexity -MMD -MP -MF"Core/Src/syscalls.d" -MT"Core/Src/syscalls.o" --specs=nano.specs -mfpu=fpv4-sp-d16 -mfloat-abi=hard -mthumb -o "Core/Src/syscalls.o"
arm-none-eabi-gcc "../Core/Src/sysmem.c" -mcpu=cortex-m4 -std=gnu11 -g3 -DDEBUG -DUSE_HAL_DRIVER -DSTM32F411xE -c -I../Core/Inc -I../Drivers/STM32F4xx_HAL_Driver/Inc -I../Drivers/STM32F4xx_HAL_Driver/Inc/Legacy -I../Drivers/CMSIS/Device/ST/STM32F4xx/Include -I../Drivers/CMSIS/Include -O0 -ffunction-sections -fdata-sections -Wall -fstack-usage -fcyclomatic-complexity -MMD -MP -MF"Core/Src/sysmem.d" -MT"Core/Src/sysmem.o" --specs=nano.specs -mfpu=fpv4-sp-d16 -mfloat-abi=hard -mthumb -o "Core/Src/sysmem.o"
arm-none-eabi-gcc "../Core/Src/system_stm32f4xx.c" -mcpu=cortex-m4 -std=gnu11 -g3 -DDEBUG -DUSE_HAL_DRIVER -DSTM32F411xE -c -I../Core/Inc -I../Drivers/STM32F4xx_HAL_Driver/Inc -I../Drivers/STM32F4xx_HAL_Driver/Inc/Legacy -I../Drivers/CMSIS/Device/ST/STM32F4xx/Include -I../Drivers/CMSIS/Include -O0 -ffunction-sections -fdata-sections -Wall -fstack-usage -fcyclomatic-complexity -MMD -MP -MF"Core/Src/system_stm32f4xx.d" -MT"Core/Src/system_stm32f4xx.o" --specs=nano.specs -mfpu=fpv4-sp-d16 -mfloat-abi=hard -mthumb -o "Core/Src/system_stm32f4xx.o"
arm-none-eabi-gcc -o "hardware.elf" @"objects.list"   -mcpu=cortex-m4 -T"C:\embeded-final\hardware\STM32F411RETX_FLASH.ld" --specs=nosys.specs -Wl,-Map="hardware.map" -Wl,--gc-sections -static --specs=nano.specs -mfpu=fpv4-sp-d16 -mfloat-abi=hard -mthumb -Wl,--start-group -lc -lm -Wl,--end-group
Finished building target: hardware.elf
 
arm-none-eabi-size  hardware.elf 
arm-none-eabi-objdump -h -S hardware.elf  > "hardware.list"
   text	   data	    bss	    dec	    hex	filename
  15220	     92	   2228	  17540	   4484	hardware.elf
Finished building: default.size.stdout
 
Finished building: hardware.list
 
13:18:00 **** Incremental Build of configuration Debug for project hardware ****
make -j22 all 
arm-none-eabi-gcc "../Core/Src/dht.c" -mcpu=cortex-m4 -std=gnu11 -g3 -DDEBUG -DUSE_HAL_DRIVER -DSTM32F411xE -c -I../Core/Inc -I../Drivers/STM32F4xx_HAL_Driver/Inc -I../Drivers/STM32F4xx_HAL_Driver/Inc/Legacy -I../Drivers/CMSIS/Device/ST/STM32F4xx/Include -I../Drivers/CMSIS/Include -O0 -ffunction-sections -fdata-sections -Wall -fstack-usage -fcyclomatic-complexity -MMD -MP -MF"Core/Src/dht.d" -MT"Core/Src/dht.o" --specs=nano.specs -mfpu=fpv4-sp-d16 -mfloat-abi=hard -mthumb -o "Core/Src/dht.o"
arm-none-eabi-gcc -o "hardware.elf" @"objects.list"   -mcpu=cortex-m4 -T"C:\embeded-final\hardware\STM32F411RETX_FLASH.ld" --specs=nosys.specs -Wl,-Map="hardware.map" -Wl,--gc-sections -static --specs=nano.specs -mfpu=fpv4-sp-d16 -mfloat-abi=hard -mthumb -Wl,--start-group -lc -lm -Wl,--end-group
Finished building target: hardware.elf
 
arm-none-eabi-size  hardware.elf 
arm-none-eabi-objdump -h -S hardware.elf  > "hardware.list"
   text	   data	    bss	    dec	    hex	filename
  15220	     92	   2228	  17540	   4484	hardware.elf
Finished building: default.size.stdout
 
Finished building: hardware.list
 
13:18:30 **** Incremental Build of configuration Debug for project hardware ****
make -j22 all 
arm-none-eabi-size  hardware.elf 
   text	   data	    bss	    dec	    hex	filename
  15220	     92	   2228	  17540	   4484	hardware.elf
Finished building: default.size.stdout
 
13:30:06 **** Incremental Build of configuration Debug for project hardware ****
make -j22 all 
arm-none-eabi-gcc "../Core/Src/main.c" -mcpu=cortex-m4 -std=gnu11 -g3 -DDEBUG -DUSE_HAL_DRIVER -DSTM32F411xE -c -I../Core/Inc -I../Drivers/STM32F4xx_HAL_Driver/Inc -I../Drivers/STM32F4xx_HAL_Driver/Inc/Legacy -I../Drivers/CMSIS/Device/ST/STM32F4xx/Include -I../Drivers/CMSIS/Include -O0 -ffunction-sections -fdata-sections -Wall -fstack-usage -fcyclomatic-complexity -MMD -MP -MF"Core/Src/main.d" -MT"Core/Src/main.o" --specs=nano.specs -mfpu=fpv4-sp-d16 -mfloat-abi=hard -mthumb -o "Core/Src/main.o"
arm-none-eabi-gcc -o "hardware.elf" @"objects.list"   -mcpu=cortex-m4 -T"C:\embeded-final\hardware\STM32F411RETX_FLASH.ld" --specs=nosys.specs -Wl,-Map="hardware.map" -Wl,--gc-sections -static --specs=nano.specs -mfpu=fpv4-sp-d16 -mfloat-abi=hard -mthumb -Wl,--start-group -lc -lm -Wl,--end-group
Finished building target: hardware.elf
 
arm-none-eabi-size  hardware.elf 
arm-none-eabi-objdump -h -S hardware.elf  > "hardware.list"
   text	   data	    bss	    dec	    hex	filename
  16148	     92	   2228	  18468	   4824	hardware.elf
Finished building: default.size.stdout
 
Finished building: hardware.list
 
13:30:20 **** Incremental Build of configuration Debug for project hardware ****
make -j22 all 
arm-none-eabi-size  hardware.elf 
   text	   data	    bss	    dec	    hex	filename
  16148	     92	   2228	  18468	   4824	hardware.elf
Finished building: default.size.stdout
 
13:30:25 **** Incremental Build of configuration Debug for project hardware ****
make -j22 all 
arm-none-eabi-size  hardware.elf 
   text	   data	    bss	    dec	    hex	filename
  16148	     92	   2228	  18468	   4824	hardware.elf
Finished building: default.size.stdout
 
13:30:36 **** Incremental Build of configuration Debug for project hardware ****
make -j22 all 
arm-none-eabi-size  hardware.elf 
   text	   data	    bss	    dec	    hex	filename
  16148	     92	   2228	  18468	   4824	hardware.elf
Finished building: default.size.stdout
 
13:30:45 **** Incremental Build of configuration Debug for project hardware ****
make -j22 all 
arm-none-eabi-size  hardware.elf 
   text	   data	    bss	    dec	    hex	filename
  16148	     92	   2228	  18468	   4824	hardware.elf
Finished building: default.size.stdout
 
14:46:46 **** Incremental Build of configuration Debug for project hardware ****
make -j22 all 
arm-none-eabi-gcc "../Core/Src/dht.c" -mcpu=cortex-m4 -std=gnu11 -g3 -DDEBUG -DUSE_HAL_DRIVER -DSTM32F411xE -c -I../Core/Inc -I../Drivers/STM32F4xx_HAL_Driver/Inc -I../Drivers/STM32F4xx_HAL_Driver/Inc/Legacy -I../Drivers/CMSIS/Device/ST/STM32F4xx/Include -I../Drivers/CMSIS/Include -O0 -ffunction-sections -fdata-sections -Wall -fstack-usage -fcyclomatic-complexity -MMD -MP -MF"Core/Src/dht.d" -MT"Core/Src/dht.o" --specs=nano.specs -mfpu=fpv4-sp-d16 -mfloat-abi=hard -mthumb -o "Core/Src/dht.o"
arm-none-eabi-gcc "../Core/Src/main.c" -mcpu=cortex-m4 -std=gnu11 -g3 -DDEBUG -DUSE_HAL_DRIVER -DSTM32F411xE -c -I../Core/Inc -I../Drivers/STM32F4xx_HAL_Driver/Inc -I../Drivers/STM32F4xx_HAL_Driver/Inc/Legacy -I../Drivers/CMSIS/Device/ST/STM32F4xx/Include -I../Drivers/CMSIS/Include -O0 -ffunction-sections -fdata-sections -Wall -fstack-usage -fcyclomatic-complexity -MMD -MP -MF"Core/Src/main.d" -MT"Core/Src/main.o" --specs=nano.specs -mfpu=fpv4-sp-d16 -mfloat-abi=hard -mthumb -o "Core/Src/main.o"
../Core/Src/main.c: In function 'MX_GPIO_Init':
../Core/Src/main.c:201:27: error: 'LD2_Pin' undeclared (first use in this function)
  201 |   GPIO_InitStruct.Pin   = LD2_Pin;
      |                           ^~~~~~~
../Core/Src/main.c:201:27: note: each undeclared identifier is reported only once for each function it appears in
../Core/Src/main.c:205:17: error: 'LD2_GPIO_Port' undeclared (first use in this function); did you mean 'TCK_GPIO_Port'?
  205 |   HAL_GPIO_Init(LD2_GPIO_Port, &GPIO_InitStruct);
      |                 ^~~~~~~~~~~~~
      |                 TCK_GPIO_Port
make: *** [Core/Src/subdir.mk:37: Core/Src/main.o] Error 1
make: *** Waiting for unfinished jobs....
"make -j22 all" terminated with exit code 2. Build might be incomplete.
14:55:13 **** Incremental Build of configuration Debug for project hardware ****
make -j22 all 
arm-none-eabi-gcc "../Core/Src/dht.c" -mcpu=cortex-m4 -std=gnu11 -g3 -DDEBUG -DUSE_HAL_DRIVER -DSTM32F411xE -c -I../Core/Inc -I../Drivers/STM32F4xx_HAL_Driver/Inc -I../Drivers/STM32F4xx_HAL_Driver/Inc/Legacy -I../Drivers/CMSIS/Device/ST/STM32F4xx/Include -I../Drivers/CMSIS/Include -O0 -ffunction-sections -fdata-sections -Wall -fstack-usage -fcyclomatic-complexity -MMD -MP -MF"Core/Src/dht.d" -MT"Core/Src/dht.o" --specs=nano.specs -mfpu=fpv4-sp-d16 -mfloat-abi=hard -mthumb -o "Core/Src/dht.o"
arm-none-eabi-gcc "../Core/Src/main.c" -mcpu=cortex-m4 -std=gnu11 -g3 -DDEBUG -DUSE_HAL_DRIVER -DSTM32F411xE -c -I../Core/Inc -I../Drivers/STM32F4xx_HAL_Driver/Inc -I../Drivers/STM32F4xx_HAL_Driver/Inc/Legacy -I../Drivers/CMSIS/Device/ST/STM32F4xx/Include -I../Drivers/CMSIS/Include -O0 -ffunction-sections -fdata-sections -Wall -fstack-usage -fcyclomatic-complexity -MMD -MP -MF"Core/Src/main.d" -MT"Core/Src/main.o" --specs=nano.specs -mfpu=fpv4-sp-d16 -mfloat-abi=hard -mthumb -o "Core/Src/main.o"
../Core/Src/main.c: In function 'main':
../Core/Src/main.c:209:24: error: 'LD2_GPIO_Port' undeclared (first use in this function); did you mean 'TCK_GPIO_Port'?
  209 |     HAL_GPIO_TogglePin(LD2_GPIO_Port, LD2_Pin);
      |                        ^~~~~~~~~~~~~
      |                        TCK_GPIO_Port
../Core/Src/main.c:209:24: note: each undeclared identifier is reported only once for each function it appears in
../Core/Src/main.c:209:39: error: 'LD2_Pin' undeclared (first use in this function)
  209 |     HAL_GPIO_TogglePin(LD2_GPIO_Port, LD2_Pin);
      |                                       ^~~~~~~
../Core/Src/main.c: In function 'MX_GPIO_Init':
../Core/Src/main.c:335:21: error: 'LD2_GPIO_Port' undeclared (first use in this function); did you mean 'TCK_GPIO_Port'?
  335 |   HAL_GPIO_WritePin(LD2_GPIO_Port, LD2_Pin, GPIO_PIN_RESET);
      |                     ^~~~~~~~~~~~~
      |                     TCK_GPIO_Port
../Core/Src/main.c:335:36: error: 'LD2_Pin' undeclared (first use in this function)
  335 |   HAL_GPIO_WritePin(LD2_GPIO_Port, LD2_Pin, GPIO_PIN_RESET);
      |                                    ^~~~~~~
make: *** [Core/Src/subdir.mk:37: Core/Src/main.o] Error 1
make: *** Waiting for unfinished jobs....
"make -j22 all" terminated with exit code 2. Build might be incomplete.
14:57:52 **** Incremental Build of configuration Debug for project hardware ****
make -j22 all 
arm-none-eabi-gcc "../Core/Src/main.c" -mcpu=cortex-m4 -std=gnu11 -g3 -DDEBUG -DUSE_HAL_DRIVER -DSTM32F411xE -c -I../Core/Inc -I../Drivers/STM32F4xx_HAL_Driver/Inc -I../Drivers/STM32F4xx_HAL_Driver/Inc/Legacy -I../Drivers/CMSIS/Device/ST/STM32F4xx/Include -I../Drivers/CMSIS/Include -O0 -ffunction-sections -fdata-sections -Wall -fstack-usage -fcyclomatic-complexity -MMD -MP -MF"Core/Src/main.d" -MT"Core/Src/main.o" --specs=nano.specs -mfpu=fpv4-sp-d16 -mfloat-abi=hard -mthumb -o "Core/Src/main.o"
arm-none-eabi-gcc -o "hardware.elf" @"objects.list"   -mcpu=cortex-m4 -T"C:\embeded-final\hardware\STM32F411RETX_FLASH.ld" --specs=nosys.specs -Wl,-Map="hardware.map" -Wl,--gc-sections -static --specs=nano.specs -mfpu=fpv4-sp-d16 -mfloat-abi=hard -mthumb -Wl,--start-group -lc -lm -Wl,--end-group
Finished building target: hardware.elf
 
arm-none-eabi-size  hardware.elf 
arm-none-eabi-objdump -h -S hardware.elf  > "hardware.list"
   text	   data	    bss	    dec	    hex	filename
  15176	     92	   2228	  17496	   4458	hardware.elf
Finished building: default.size.stdout
 
Finished building: hardware.list
 
15:03:44 **** Incremental Build of configuration Debug for project hardware ****
make -j22 all 
arm-none-eabi-size  hardware.elf 
   text	   data	    bss	    dec	    hex	filename
  15176	     92	   2228	  17496	   4458	hardware.elf
Finished building: default.size.stdout
 
15:04:27 **** Incremental Build of configuration Debug for project hardware ****
make -j22 all 
arm-none-eabi-size  hardware.elf 
   text	   data	    bss	    dec	    hex	filename
  15176	     92	   2228	  17496	   4458	hardware.elf
Finished building: default.size.stdout
 
15:05:21 **** Incremental Build of configuration Debug for project hardware ****
make -j22 all 
arm-none-eabi-gcc "../Core/Src/main.c" -mcpu=cortex-m4 -std=gnu11 -g3 -DDEBUG -DUSE_HAL_DRIVER -DSTM32F411xE -c -I../Core/Inc -I../Drivers/STM32F4xx_HAL_Driver/Inc -I../Drivers/STM32F4xx_HAL_Driver/Inc/Legacy -I../Drivers/CMSIS/Device/ST/STM32F4xx/Include -I../Drivers/CMSIS/Include -O0 -ffunction-sections -fdata-sections -Wall -fstack-usage -fcyclomatic-complexity -MMD -MP -MF"Core/Src/main.d" -MT"Core/Src/main.o" --specs=nano.specs -mfpu=fpv4-sp-d16 -mfloat-abi=hard -mthumb -o "Core/Src/main.o"
arm-none-eabi-gcc -o "hardware.elf" @"objects.list"   -mcpu=cortex-m4 -T"C:\embeded-final\hardware\STM32F411RETX_FLASH.ld" --specs=nosys.specs -Wl,-Map="hardware.map" -Wl,--gc-sections -static --specs=nano.specs -mfpu=fpv4-sp-d16 -mfloat-abi=hard -mthumb -Wl,--start-group -lc -lm -Wl,--end-group
Finished building target: hardware.elf
 
arm-none-eabi-size  hardware.elf 
arm-none-eabi-objdump -h -S hardware.elf  > "hardware.list"
   text	   data	    bss	    dec	    hex	filename
  15216	     92	   2228	  17536	   4480	hardware.elf
Finished building: default.size.stdout
 
Finished building: hardware.list
 
15:05:25 **** Incremental Build of configuration Debug for project hardware ****
make -j22 all 
arm-none-eabi-size  hardware.elf 
   text	   data	    bss	    dec	    hex	filename
  15216	     92	   2228	  17536	   4480	hardware.elf
Finished building: default.size.stdout
 
15:05:55 **** Incremental Build of configuration Debug for project hardware ****
make -j22 all 
arm-none-eabi-size  hardware.elf 
   text	   data	    bss	    dec	    hex	filename
  15216	     92	   2228	  17536	   4480	hardware.elf
Finished building: default.size.stdout
 
15:17:07 **** Incremental Build of configuration Debug for project hardware ****
make -j22 all 
arm-none-eabi-gcc "../Core/Src/main.c" -mcpu=cortex-m4 -std=gnu11 -g3 -DDEBUG -DUSE_HAL_DRIVER -DSTM32F411xE -c -I../Core/Inc -I../Drivers/STM32F4xx_HAL_Driver/Inc -I../Drivers/STM32F4xx_HAL_Driver/Inc/Legacy -I../Drivers/CMSIS/Device/ST/STM32F4xx/Include -I../Drivers/CMSIS/Include -O0 -ffunction-sections -fdata-sections -Wall -fstack-usage -fcyclomatic-complexity -MMD -MP -MF"Core/Src/main.d" -MT"Core/Src/main.o" --specs=nano.specs -mfpu=fpv4-sp-d16 -mfloat-abi=hard -mthumb -o "Core/Src/main.o"
arm-none-eabi-gcc -o "hardware.elf" @"objects.list"   -mcpu=cortex-m4 -T"C:\embeded-final\hardware\STM32F411RETX_FLASH.ld" --specs=nosys.specs -Wl,-Map="hardware.map" -Wl,--gc-sections -static --specs=nano.specs -mfpu=fpv4-sp-d16 -mfloat-abi=hard -mthumb -Wl,--start-group -lc -lm -Wl,--end-group
Finished building target: hardware.elf
 
arm-none-eabi-size  hardware.elf 
arm-none-eabi-objdump -h -S hardware.elf  > "hardware.list"
   text	   data	    bss	    dec	    hex	filename
  15216	     92	   2228	  17536	   4480	hardware.elf
Finished building: default.size.stdout
 
Finished building: hardware.list
 
15:17:15 **** Incremental Build of configuration Debug for project hardware ****
make -j22 all 
arm-none-eabi-size  hardware.elf 
   text	   data	    bss	    dec	    hex	filename
  15216	     92	   2228	  17536	   4480	hardware.elf
Finished building: default.size.stdout
 
15:23:09 **** Incremental Build of configuration Debug for project hardware ****
make -j22 all 
arm-none-eabi-gcc "../Core/Src/main.c" -mcpu=cortex-m4 -std=gnu11 -g3 -DDEBUG -DUSE_HAL_DRIVER -DSTM32F411xE -c -I../Core/Inc -I../Drivers/STM32F4xx_HAL_Driver/Inc -I../Drivers/STM32F4xx_HAL_Driver/Inc/Legacy -I../Drivers/CMSIS/Device/ST/STM32F4xx/Include -I../Drivers/CMSIS/Include -O0 -ffunction-sections -fdata-sections -Wall -fstack-usage -fcyclomatic-complexity -MMD -MP -MF"Core/Src/main.d" -MT"Core/Src/main.o" --specs=nano.specs -mfpu=fpv4-sp-d16 -mfloat-abi=hard -mthumb -o "Core/Src/main.o"
arm-none-eabi-gcc -o "hardware.elf" @"objects.list"   -mcpu=cortex-m4 -T"C:\embeded-final\hardware\STM32F411RETX_FLASH.ld" --specs=nosys.specs -Wl,-Map="hardware.map" -Wl,--gc-sections -static --specs=nano.specs -mfpu=fpv4-sp-d16 -mfloat-abi=hard -mthumb -Wl,--start-group -lc -lm -Wl,--end-group
Finished building target: hardware.elf
 
arm-none-eabi-size  hardware.elf 
arm-none-eabi-objdump -h -S hardware.elf  > "hardware.list"
   text	   data	    bss	    dec	    hex	filename
  14156	     92	   2124	  16372	   3ff4	hardware.elf
Finished building: default.size.stdout
 
Finished building: hardware.list
 
15:23:13 **** Incremental Build of configuration Debug for project hardware ****
make -j22 all 
arm-none-eabi-size  hardware.elf 
   text	   data	    bss	    dec	    hex	filename
  14156	     92	   2124	  16372	   3ff4	hardware.elf
Finished building: default.size.stdout
 
15:27:29 **** Incremental Build of configuration Debug for project hardware ****
make -j22 all 
arm-none-eabi-gcc "../Core/Src/main.c" -mcpu=cortex-m4 -std=gnu11 -g3 -DDEBUG -DUSE_HAL_DRIVER -DSTM32F411xE -c -I../Core/Inc -I../Drivers/STM32F4xx_HAL_Driver/Inc -I../Drivers/STM32F4xx_HAL_Driver/Inc/Legacy -I../Drivers/CMSIS/Device/ST/STM32F4xx/Include -I../Drivers/CMSIS/Include -O0 -ffunction-sections -fdata-sections -Wall -fstack-usage -fcyclomatic-complexity -MMD -MP -MF"Core/Src/main.d" -MT"Core/Src/main.o" --specs=nano.specs -mfpu=fpv4-sp-d16 -mfloat-abi=hard -mthumb -o "Core/Src/main.o"
../Core/Src/main.c: In function 'main':
../Core/Src/main.c:154:3: warning: implicit declaration of function 'DWT_Delay_Init' [-Wimplicit-function-declaration]
  154 |   DWT_Delay_Init();
      |   ^~~~~~~~~~~~~~
arm-none-eabi-gcc -o "hardware.elf" @"objects.list"   -mcpu=cortex-m4 -T"C:\embeded-final\hardware\STM32F411RETX_FLASH.ld" --specs=nosys.specs -Wl,-Map="hardware.map" -Wl,--gc-sections -static --specs=nano.specs -mfpu=fpv4-sp-d16 -mfloat-abi=hard -mthumb -Wl,--start-group -lc -lm -Wl,--end-group
Finished building target: hardware.elf
 
arm-none-eabi-size  hardware.elf 
arm-none-eabi-objdump -h -S hardware.elf  > "hardware.list"
   text	   data	    bss	    dec	    hex	filename
  15268	     92	   2228	  17588	   44b4	hardware.elf
Finished building: default.size.stdout
 
Finished building: hardware.list
 
15:27:35 **** Incremental Build of configuration Debug for project hardware ****
make -j22 all 
arm-none-eabi-size  hardware.elf 
   text	   data	    bss	    dec	    hex	filename
  15268	     92	   2228	  17588	   44b4	hardware.elf
Finished building: default.size.stdout
 
15:44:32 **** Incremental Build of configuration Debug for project hardware ****
make -j22 all 
arm-none-eabi-gcc "../Core/Src/dht.c" -mcpu=cortex-m4 -std=gnu11 -g3 -DDEBUG -DUSE_HAL_DRIVER -DSTM32F411xE -c -I../Core/Inc -I../Drivers/STM32F4xx_HAL_Driver/Inc -I../Drivers/STM32F4xx_HAL_Driver/Inc/Legacy -I../Drivers/CMSIS/Device/ST/STM32F4xx/Include -I../Drivers/CMSIS/Include -O0 -ffunction-sections -fdata-sections -Wall -fstack-usage -fcyclomatic-complexity -MMD -MP -MF"Core/Src/dht.d" -MT"Core/Src/dht.o" --specs=nano.specs -mfpu=fpv4-sp-d16 -mfloat-abi=hard -mthumb -o "Core/Src/dht.o"
arm-none-eabi-gcc "../Core/Src/main.c" -mcpu=cortex-m4 -std=gnu11 -g3 -DDEBUG -DUSE_HAL_DRIVER -DSTM32F411xE -c -I../Core/Inc -I../Drivers/STM32F4xx_HAL_Driver/Inc -I../Drivers/STM32F4xx_HAL_Driver/Inc/Legacy -I../Drivers/CMSIS/Device/ST/STM32F4xx/Include -I../Drivers/CMSIS/Include -O0 -ffunction-sections -fdata-sections -Wall -fstack-usage -fcyclomatic-complexity -MMD -MP -MF"Core/Src/main.d" -MT"Core/Src/main.o" --specs=nano.specs -mfpu=fpv4-sp-d16 -mfloat-abi=hard -mthumb -o "Core/Src/main.o"
../Core/Src/main.c: In function 'main':
../Core/Src/main.c:155:3: warning: implicit declaration of function 'DWT_Delay_Init' [-Wimplicit-function-declaration]
  155 |   DWT_Delay_Init();
      |   ^~~~~~~~~~~~~~
arm-none-eabi-gcc -o "hardware.elf" @"objects.list"   -mcpu=cortex-m4 -T"C:\embeded-final\hardware\STM32F411RETX_FLASH.ld" --specs=nosys.specs -Wl,-Map="hardware.map" -Wl,--gc-sections -static --specs=nano.specs -mfpu=fpv4-sp-d16 -mfloat-abi=hard -mthumb -Wl,--start-group -lc -lm -Wl,--end-group
Finished building target: hardware.elf
 
arm-none-eabi-size  hardware.elf 
arm-none-eabi-objdump -h -S hardware.elf  > "hardware.list"
   text	   data	    bss	    dec	    hex	filename
  15280	     92	   2228	  17600	   44c0	hardware.elf
Finished building: default.size.stdout
 
Finished building: hardware.list
 
15:45:10 **** Incremental Build of configuration Debug for project hardware ****
make -j22 all 
arm-none-eabi-size  hardware.elf 
   text	   data	    bss	    dec	    hex	filename
  15280	     92	   2228	  17600	   44c0	hardware.elf
Finished building: default.size.stdout
 
15:49:40 **** Incremental Build of configuration Debug for project hardware ****
make -j22 all 
arm-none-eabi-gcc "../Core/Src/main.c" -mcpu=cortex-m4 -std=gnu11 -g3 -DDEBUG -DUSE_HAL_DRIVER -DSTM32F411xE -c -I../Core/Inc -I../Drivers/STM32F4xx_HAL_Driver/Inc -I../Drivers/STM32F4xx_HAL_Driver/Inc/Legacy -I../Drivers/CMSIS/Device/ST/STM32F4xx/Include -I../Drivers/CMSIS/Include -O0 -ffunction-sections -fdata-sections -Wall -fstack-usage -fcyclomatic-complexity -MMD -MP -MF"Core/Src/main.d" -MT"Core/Src/main.o" --specs=nano.specs -mfpu=fpv4-sp-d16 -mfloat-abi=hard -mthumb -o "Core/Src/main.o"
arm-none-eabi-gcc -o "hardware.elf" @"objects.list"   -mcpu=cortex-m4 -T"C:\embeded-final\hardware\STM32F411RETX_FLASH.ld" --specs=nosys.specs -Wl,-Map="hardware.map" -Wl,--gc-sections -static --specs=nano.specs -mfpu=fpv4-sp-d16 -mfloat-abi=hard -mthumb -Wl,--start-group -lc -lm -Wl,--end-group
Finished building target: hardware.elf
 
arm-none-eabi-size  hardware.elf 
arm-none-eabi-objdump -h -S hardware.elf  > "hardware.list"
   text	   data	    bss	    dec	    hex	filename
  15132	     92	   2228	  17452	   442c	hardware.elf
Finished building: default.size.stdout
 
Finished building: hardware.list
 
15:54:14 **** Incremental Build of configuration Debug for project hardware ****
make -j22 all 
arm-none-eabi-gcc "../Core/Src/dht.c" -mcpu=cortex-m4 -std=gnu11 -g3 -DDEBUG -DUSE_HAL_DRIVER -DSTM32F411xE -c -I../Core/Inc -I../Drivers/STM32F4xx_HAL_Driver/Inc -I../Drivers/STM32F4xx_HAL_Driver/Inc/Legacy -I../Drivers/CMSIS/Device/ST/STM32F4xx/Include -I../Drivers/CMSIS/Include -O0 -ffunction-sections -fdata-sections -Wall -fstack-usage -fcyclomatic-complexity -MMD -MP -MF"Core/Src/dht.d" -MT"Core/Src/dht.o" --specs=nano.specs -mfpu=fpv4-sp-d16 -mfloat-abi=hard -mthumb -o "Core/Src/dht.o"
arm-none-eabi-gcc -o "hardware.elf" @"objects.list"   -mcpu=cortex-m4 -T"C:\embeded-final\hardware\STM32F411RETX_FLASH.ld" --specs=nosys.specs -Wl,-Map="hardware.map" -Wl,--gc-sections -static --specs=nano.specs -mfpu=fpv4-sp-d16 -mfloat-abi=hard -mthumb -Wl,--start-group -lc -lm -Wl,--end-group
Finished building target: hardware.elf
 
arm-none-eabi-size  hardware.elf 
arm-none-eabi-objdump -h -S hardware.elf  > "hardware.list"
   text	   data	    bss	    dec	    hex	filename
  15296	     92	   2228	  17616	   44d0	hardware.elf
Finished building: default.size.stdout
 
Finished building: hardware.list
 
15:58:42 **** Incremental Build of configuration Debug for project hardware ****
make -j22 all 
arm-none-eabi-gcc "../Core/Src/dht.c" -mcpu=cortex-m4 -std=gnu11 -g3 -DDEBUG -DUSE_HAL_DRIVER -DSTM32F411xE -c -I../Core/Inc -I../Drivers/STM32F4xx_HAL_Driver/Inc -I../Drivers/STM32F4xx_HAL_Driver/Inc/Legacy -I../Drivers/CMSIS/Device/ST/STM32F4xx/Include -I../Drivers/CMSIS/Include -O0 -ffunction-sections -fdata-sections -Wall -fstack-usage -fcyclomatic-complexity -MMD -MP -MF"Core/Src/dht.d" -MT"Core/Src/dht.o" --specs=nano.specs -mfpu=fpv4-sp-d16 -mfloat-abi=hard -mthumb -o "Core/Src/dht.o"
../Core/Src/dht.c: In function 'DHT_GetData':
../Core/Src/dht.c:236:5: warning: implicit declaration of function 'snprintf' [-Wimplicit-function-declaration]
  236 |     snprintf(buf, sizeof(buf), "DHT Presence=%d\r\n", Presence);
      |     ^~~~~~~~
../Core/Src/dht.c:19:1: note: include '<stdio.h>' or provide a declaration of 'snprintf'
   18 | #include "DHT.h"
  +++ |+#include <stdio.h>
   19 | 
../Core/Src/dht.c:236:5: warning: incompatible implicit declaration of built-in function 'snprintf' [-Wbuiltin-declaration-mismatch]
  236 |     snprintf(buf, sizeof(buf), "DHT Presence=%d\r\n", Presence);
      |     ^~~~~~~~
../Core/Src/dht.c:236:5: note: include '<stdio.h>' or provide a declaration of 'snprintf'
../Core/Src/dht.c:237:47: warning: implicit declaration of function 'strlen' [-Wimplicit-function-declaration]
  237 |     HAL_UART_Transmit(&huart2, (uint8_t*)buf, strlen(buf), HAL_MAX_DELAY);
      |                                               ^~~~~~
../Core/Src/dht.c:19:1: note: include '<string.h>' or provide a declaration of 'strlen'
   18 | #include "DHT.h"
  +++ |+#include <string.h>
   19 | 
../Core/Src/dht.c:237:47: warning: incompatible implicit declaration of built-in function 'strlen' [-Wbuiltin-declaration-mismatch]
  237 |     HAL_UART_Transmit(&huart2, (uint8_t*)buf, strlen(buf), HAL_MAX_DELAY);
      |                                               ^~~~~~
../Core/Src/dht.c:237:47: note: include '<string.h>' or provide a declaration of 'strlen'
arm-none-eabi-gcc -o "hardware.elf" @"objects.list"   -mcpu=cortex-m4 -T"C:\embeded-final\hardware\STM32F411RETX_FLASH.ld" --specs=nosys.specs -Wl,-Map="hardware.map" -Wl,--gc-sections -static --specs=nano.specs -mfpu=fpv4-sp-d16 -mfloat-abi=hard -mthumb -Wl,--start-group -lc -lm -Wl,--end-group
Finished building target: hardware.elf
 
arm-none-eabi-size  hardware.elf 
arm-none-eabi-objdump -h -S hardware.elf  > "hardware.list"
   text	   data	    bss	    dec	    hex	filename
  15536	     92	   2228	  17856	   45c0	hardware.elf
Finished building: default.size.stdout
 
Finished building: hardware.list
 
15:59:30 **** Incremental Build of configuration Debug for project hardware ****
make -j22 all 
arm-none-eabi-size  hardware.elf 
   text	   data	    bss	    dec	    hex	filename
  15536	     92	   2228	  17856	   45c0	hardware.elf
Finished building: default.size.stdout
 
16:00:06 **** Incremental Build of configuration Debug for project hardware ****
make -j22 all 
arm-none-eabi-size  hardware.elf 
   text	   data	    bss	    dec	    hex	filename
  15536	     92	   2228	  17856	   45c0	hardware.elf
Finished building: default.size.stdout
 
16:08:03 **** Incremental Build of configuration Debug for project hardware ****
make -j22 all 
arm-none-eabi-size  hardware.elf 
   text	   data	    bss	    dec	    hex	filename
  15536	     92	   2228	  17856	   45c0	hardware.elf
Finished building: default.size.stdout
 
16:40:10 **** Incremental Build of configuration Debug for project hardware ****
make -j22 all 
arm-none-eabi-size  hardware.elf 
   text	   data	    bss	    dec	    hex	filename
  15536	     92	   2228	  17856	   45c0	hardware.elf
Finished building: default.size.stdout
 
16:44:46 **** Incremental Build of configuration Debug for project hardware ****
make -j22 all 
arm-none-eabi-gcc "../Core/Src/dht.c" -mcpu=cortex-m4 -std=gnu11 -g3 -DDEBUG -DUSE_HAL_DRIVER -DSTM32F411xE -c -I../Core/Inc -I../Drivers/STM32F4xx_HAL_Driver/Inc -I../Drivers/STM32F4xx_HAL_Driver/Inc/Legacy -I../Drivers/CMSIS/Device/ST/STM32F4xx/Include -I../Drivers/CMSIS/Include -O0 -ffunction-sections -fdata-sections -Wall -fstack-usage -fcyclomatic-complexity -MMD -MP -MF"Core/Src/dht.d" -MT"Core/Src/dht.o" --specs=nano.specs -mfpu=fpv4-sp-d16 -mfloat-abi=hard -mthumb -o "Core/Src/dht.o"
../Core/Src/dht.c: In function 'DHT_GetData':
../Core/Src/dht.c:236:5: warning: implicit declaration of function 'snprintf' [-Wimplicit-function-declaration]
  236 |     snprintf(buf, sizeof(buf), "DHT Presence=%d\r\n", Presence);
      |     ^~~~~~~~
../Core/Src/dht.c:19:1: note: include '<stdio.h>' or provide a declaration of 'snprintf'
   18 | #include "DHT.h"
  +++ |+#include <stdio.h>
   19 | 
../Core/Src/dht.c:236:5: warning: incompatible implicit declaration of built-in function 'snprintf' [-Wbuiltin-declaration-mismatch]
  236 |     snprintf(buf, sizeof(buf), "DHT Presence=%d\r\n", Presence);
      |     ^~~~~~~~
../Core/Src/dht.c:236:5: note: include '<stdio.h>' or provide a declaration of 'snprintf'
../Core/Src/dht.c:237:47: warning: implicit declaration of function 'strlen' [-Wimplicit-function-declaration]
  237 |     HAL_UART_Transmit(&huart2, (uint8_t*)buf, strlen(buf), HAL_MAX_DELAY);
      |                                               ^~~~~~
../Core/Src/dht.c:19:1: note: include '<string.h>' or provide a declaration of 'strlen'
   18 | #include "DHT.h"
  +++ |+#include <string.h>
   19 | 
../Core/Src/dht.c:237:47: warning: incompatible implicit declaration of built-in function 'strlen' [-Wbuiltin-declaration-mismatch]
  237 |     HAL_UART_Transmit(&huart2, (uint8_t*)buf, strlen(buf), HAL_MAX_DELAY);
      |                                               ^~~~~~
../Core/Src/dht.c:237:47: note: include '<string.h>' or provide a declaration of 'strlen'
arm-none-eabi-gcc -o "hardware.elf" @"objects.list"   -mcpu=cortex-m4 -T"C:\embeded-final\hardware\STM32F411RETX_FLASH.ld" --specs=nosys.specs -Wl,-Map="hardware.map" -Wl,--gc-sections -static --specs=nano.specs -mfpu=fpv4-sp-d16 -mfloat-abi=hard -mthumb -Wl,--start-group -lc -lm -Wl,--end-group
Finished building target: hardware.elf
 
arm-none-eabi-size  hardware.elf 
arm-none-eabi-objdump -h -S hardware.elf  > "hardware.list"
   text	   data	    bss	    dec	    hex	filename
  15524	     92	   2228	  17844	   45b4	hardware.elf
Finished building: default.size.stdout
 
Finished building: hardware.list
 
16:45:37 **** Incremental Build of configuration Debug for project hardware ****
make -j22 all 
arm-none-eabi-gcc "../Core/Src/dht.c" -mcpu=cortex-m4 -std=gnu11 -g3 -DDEBUG -DUSE_HAL_DRIVER -DSTM32F411xE -c -I../Core/Inc -I../Drivers/STM32F4xx_HAL_Driver/Inc -I../Drivers/STM32F4xx_HAL_Driver/Inc/Legacy -I../Drivers/CMSIS/Device/ST/STM32F4xx/Include -I../Drivers/CMSIS/Include -O0 -ffunction-sections -fdata-sections -Wall -fstack-usage -fcyclomatic-complexity -MMD -MP -MF"Core/Src/dht.d" -MT"Core/Src/dht.o" --specs=nano.specs -mfpu=fpv4-sp-d16 -mfloat-abi=hard -mthumb -o "Core/Src/dht.o"
../Core/Src/dht.c: In function 'DHT_GetData':
../Core/Src/dht.c:236:5: warning: implicit declaration of function 'snprintf' [-Wimplicit-function-declaration]
  236 |     snprintf(buf, sizeof(buf), "DHT Presence=%d\r\n", Presence);
      |     ^~~~~~~~
../Core/Src/dht.c:19:1: note: include '<stdio.h>' or provide a declaration of 'snprintf'
   18 | #include "DHT.h"
  +++ |+#include <stdio.h>
   19 | 
../Core/Src/dht.c:236:5: warning: incompatible implicit declaration of built-in function 'snprintf' [-Wbuiltin-declaration-mismatch]
  236 |     snprintf(buf, sizeof(buf), "DHT Presence=%d\r\n", Presence);
      |     ^~~~~~~~
../Core/Src/dht.c:236:5: note: include '<stdio.h>' or provide a declaration of 'snprintf'
../Core/Src/dht.c:237:47: warning: implicit declaration of function 'strlen' [-Wimplicit-function-declaration]
  237 |     HAL_UART_Transmit(&huart2, (uint8_t*)buf, strlen(buf), HAL_MAX_DELAY);
      |                                               ^~~~~~
../Core/Src/dht.c:19:1: note: include '<string.h>' or provide a declaration of 'strlen'
   18 | #include "DHT.h"
  +++ |+#include <string.h>
   19 | 
../Core/Src/dht.c:237:47: warning: incompatible implicit declaration of built-in function 'strlen' [-Wbuiltin-declaration-mismatch]
  237 |     HAL_UART_Transmit(&huart2, (uint8_t*)buf, strlen(buf), HAL_MAX_DELAY);
      |                                               ^~~~~~
../Core/Src/dht.c:237:47: note: include '<string.h>' or provide a declaration of 'strlen'
arm-none-eabi-gcc -o "hardware.elf" @"objects.list"   -mcpu=cortex-m4 -T"C:\embeded-final\hardware\STM32F411RETX_FLASH.ld" --specs=nosys.specs -Wl,-Map="hardware.map" -Wl,--gc-sections -static --specs=nano.specs -mfpu=fpv4-sp-d16 -mfloat-abi=hard -mthumb -Wl,--start-group -lc -lm -Wl,--end-group
Finished building target: hardware.elf
 
arm-none-eabi-size  hardware.elf 
arm-none-eabi-objdump -h -S hardware.elf  > "hardware.list"
   text	   data	    bss	    dec	    hex	filename
  15520	     92	   2228	  17840	   45b0	hardware.elf
Finished building: default.size.stdout
 
Finished building: hardware.list
 
16:45:42 **** Incremental Build of configuration Debug for project hardware ****
make -j22 all 
arm-none-eabi-size  hardware.elf 
   text	   data	    bss	    dec	    hex	filename
  15520	     92	   2228	  17840	   45b0	hardware.elf
Finished building: default.size.stdout
 
16:47:43 **** Incremental Build of configuration Debug for project hardware ****
make -j22 all 
arm-none-eabi-gcc "../Core/Src/dht.c" -mcpu=cortex-m4 -std=gnu11 -g3 -DDEBUG -DUSE_HAL_DRIVER -DSTM32F411xE -c -I../Core/Inc -I../Drivers/STM32F4xx_HAL_Driver/Inc -I../Drivers/STM32F4xx_HAL_Driver/Inc/Legacy -I../Drivers/CMSIS/Device/ST/STM32F4xx/Include -I../Drivers/CMSIS/Include -O0 -ffunction-sections -fdata-sections -Wall -fstack-usage -fcyclomatic-complexity -MMD -MP -MF"Core/Src/dht.d" -MT"Core/Src/dht.o" --specs=nano.specs -mfpu=fpv4-sp-d16 -mfloat-abi=hard -mthumb -o "Core/Src/dht.o"
../Core/Src/dht.c: In function 'DHT_GetData':
../Core/Src/dht.c:237:47: warning: implicit declaration of function 'strlen' [-Wimplicit-function-declaration]
  237 |     HAL_UART_Transmit(&huart2, (uint8_t*)buf, strlen(buf), HAL_MAX_DELAY);
      |                                               ^~~~~~
../Core/Src/dht.c:19:1: note: include '<string.h>' or provide a declaration of 'strlen'
   18 | #include "DHT.h"
  +++ |+#include <string.h>
   19 | 
../Core/Src/dht.c:237:47: warning: incompatible implicit declaration of built-in function 'strlen' [-Wbuiltin-declaration-mismatch]
  237 |     HAL_UART_Transmit(&huart2, (uint8_t*)buf, strlen(buf), HAL_MAX_DELAY);
      |                                               ^~~~~~
../Core/Src/dht.c:237:47: note: include '<string.h>' or provide a declaration of 'strlen'
../Core/Src/dht.c:252:5: warning: implicit declaration of function 'snprintf' [-Wimplicit-function-declaration]
  252 |     snprintf(buf, sizeof(buf),
      |     ^~~~~~~~
../Core/Src/dht.c:19:1: note: include '<stdio.h>' or provide a declaration of 'snprintf'
   18 | #include "DHT.h"
  +++ |+#include <stdio.h>
   19 | 
../Core/Src/dht.c:252:5: warning: incompatible implicit declaration of built-in function 'snprintf' [-Wbuiltin-declaration-mismatch]
  252 |     snprintf(buf, sizeof(buf),
      |     ^~~~~~~~
../Core/Src/dht.c:252:5: note: include '<stdio.h>' or provide a declaration of 'snprintf'
arm-none-eabi-gcc -o "hardware.elf" @"objects.list"   -mcpu=cortex-m4 -T"C:\embeded-final\hardware\STM32F411RETX_FLASH.ld" --specs=nosys.specs -Wl,-Map="hardware.map" -Wl,--gc-sections -static --specs=nano.specs -mfpu=fpv4-sp-d16 -mfloat-abi=hard -mthumb -Wl,--start-group -lc -lm -Wl,--end-group
Finished building target: hardware.elf
 
arm-none-eabi-size  hardware.elf 
arm-none-eabi-objdump -h -S hardware.elf  > "hardware.list"
   text	   data	    bss	    dec	    hex	filename
  15384	     92	   2228	  17704	   4528	hardware.elf
Finished building: default.size.stdout
 
Finished building: hardware.list
 
16:49:20 **** Incremental Build of configuration Debug for project hardware ****
make -j22 all 
arm-none-eabi-gcc "../Core/Src/dht.c" -mcpu=cortex-m4 -std=gnu11 -g3 -DDEBUG -DUSE_HAL_DRIVER -DSTM32F411xE -c -I../Core/Inc -I../Drivers/STM32F4xx_HAL_Driver/Inc -I../Drivers/STM32F4xx_HAL_Driver/Inc/Legacy -I../Drivers/CMSIS/Device/ST/STM32F4xx/Include -I../Drivers/CMSIS/Include -O0 -ffunction-sections -fdata-sections -Wall -fstack-usage -fcyclomatic-complexity -MMD -MP -MF"Core/Src/dht.d" -MT"Core/Src/dht.o" --specs=nano.specs -mfpu=fpv4-sp-d16 -mfloat-abi=hard -mthumb -o "Core/Src/dht.o"
../Core/Src/dht.c: In function 'DHT_GetData':
../Core/Src/dht.c:237:47: warning: implicit declaration of function 'strlen' [-Wimplicit-function-declaration]
  237 |     HAL_UART_Transmit(&huart2, (uint8_t*)buf, strlen(buf), HAL_MAX_DELAY);
      |                                               ^~~~~~
../Core/Src/dht.c:19:1: note: include '<string.h>' or provide a declaration of 'strlen'
   18 | #include "DHT.h"
  +++ |+#include <string.h>
   19 | 
../Core/Src/dht.c:237:47: warning: incompatible implicit declaration of built-in function 'strlen' [-Wbuiltin-declaration-mismatch]
  237 |     HAL_UART_Transmit(&huart2, (uint8_t*)buf, strlen(buf), HAL_MAX_DELAY);
      |                                               ^~~~~~
../Core/Src/dht.c:237:47: note: include '<string.h>' or provide a declaration of 'strlen'
../Core/Src/dht.c:252:5: warning: implicit declaration of function 'snprintf' [-Wimplicit-function-declaration]
  252 |     snprintf(buf, sizeof(buf),
      |     ^~~~~~~~
../Core/Src/dht.c:19:1: note: include '<stdio.h>' or provide a declaration of 'snprintf'
   18 | #include "DHT.h"
  +++ |+#include <stdio.h>
   19 | 
../Core/Src/dht.c:252:5: warning: incompatible implicit declaration of built-in function 'snprintf' [-Wbuiltin-declaration-mismatch]
  252 |     snprintf(buf, sizeof(buf),
      |     ^~~~~~~~
../Core/Src/dht.c:252:5: note: include '<stdio.h>' or provide a declaration of 'snprintf'
arm-none-eabi-gcc -o "hardware.elf" @"objects.list"   -mcpu=cortex-m4 -T"C:\embeded-final\hardware\STM32F411RETX_FLASH.ld" --specs=nosys.specs -Wl,-Map="hardware.map" -Wl,--gc-sections -static --specs=nano.specs -mfpu=fpv4-sp-d16 -mfloat-abi=hard -mthumb -Wl,--start-group -lc -lm -Wl,--end-group
Finished building target: hardware.elf
 
arm-none-eabi-size  hardware.elf 
arm-none-eabi-objdump -h -S hardware.elf  > "hardware.list"
   text	   data	    bss	    dec	    hex	filename
  15356	     92	   2228	  17676	   450c	hardware.elf
Finished building: default.size.stdout
 
Finished building: hardware.list
 
16:50:30 **** Incremental Build of configuration Debug for project hardware ****
make -j22 all 
arm-none-eabi-gcc "../Core/Src/dht.c" -mcpu=cortex-m4 -std=gnu11 -g3 -DDEBUG -DUSE_HAL_DRIVER -DSTM32F411xE -c -I../Core/Inc -I../Drivers/STM32F4xx_HAL_Driver/Inc -I../Drivers/STM32F4xx_HAL_Driver/Inc/Legacy -I../Drivers/CMSIS/Device/ST/STM32F4xx/Include -I../Drivers/CMSIS/Include -O0 -ffunction-sections -fdata-sections -Wall -fstack-usage -fcyclomatic-complexity -MMD -MP -MF"Core/Src/dht.d" -MT"Core/Src/dht.o" --specs=nano.specs -mfpu=fpv4-sp-d16 -mfloat-abi=hard -mthumb -o "Core/Src/dht.o"
../Core/Src/dht.c: In function 'DHT_GetData':
../Core/Src/dht.c:237:47: warning: implicit declaration of function 'strlen' [-Wimplicit-function-declaration]
  237 |     HAL_UART_Transmit(&huart2, (uint8_t*)buf, strlen(buf), HAL_MAX_DELAY);
      |                                               ^~~~~~
../Core/Src/dht.c:19:1: note: include '<string.h>' or provide a declaration of 'strlen'
   18 | #include "DHT.h"
  +++ |+#include <string.h>
   19 | 
../Core/Src/dht.c:237:47: warning: incompatible implicit declaration of built-in function 'strlen' [-Wbuiltin-declaration-mismatch]
  237 |     HAL_UART_Transmit(&huart2, (uint8_t*)buf, strlen(buf), HAL_MAX_DELAY);
      |                                               ^~~~~~
../Core/Src/dht.c:237:47: note: include '<string.h>' or provide a declaration of 'strlen'
../Core/Src/dht.c:252:5: warning: implicit declaration of function 'snprintf' [-Wimplicit-function-declaration]
  252 |     snprintf(buf, sizeof(buf),
      |     ^~~~~~~~
../Core/Src/dht.c:19:1: note: include '<stdio.h>' or provide a declaration of 'snprintf'
   18 | #include "DHT.h"
  +++ |+#include <stdio.h>
   19 | 
../Core/Src/dht.c:252:5: warning: incompatible implicit declaration of built-in function 'snprintf' [-Wbuiltin-declaration-mismatch]
  252 |     snprintf(buf, sizeof(buf),
      |     ^~~~~~~~
../Core/Src/dht.c:252:5: note: include '<stdio.h>' or provide a declaration of 'snprintf'
arm-none-eabi-gcc -o "hardware.elf" @"objects.list"   -mcpu=cortex-m4 -T"C:\embeded-final\hardware\STM32F411RETX_FLASH.ld" --specs=nosys.specs -Wl,-Map="hardware.map" -Wl,--gc-sections -static --specs=nano.specs -mfpu=fpv4-sp-d16 -mfloat-abi=hard -mthumb -Wl,--start-group -lc -lm -Wl,--end-group
Finished building target: hardware.elf
 
arm-none-eabi-size  hardware.elf 
arm-none-eabi-objdump -h -S hardware.elf  > "hardware.list"
   text	   data	    bss	    dec	    hex	filename
  15372	     92	   2228	  17692	   451c	hardware.elf
Finished building: default.size.stdout
 
Finished building: hardware.list
 
16:50:45 **** Incremental Build of configuration Debug for project hardware ****
make -j22 all 
arm-none-eabi-gcc "../Core/Src/dht.c" -mcpu=cortex-m4 -std=gnu11 -g3 -DDEBUG -DUSE_HAL_DRIVER -DSTM32F411xE -c -I../Core/Inc -I../Drivers/STM32F4xx_HAL_Driver/Inc -I../Drivers/STM32F4xx_HAL_Driver/Inc/Legacy -I../Drivers/CMSIS/Device/ST/STM32F4xx/Include -I../Drivers/CMSIS/Include -O0 -ffunction-sections -fdata-sections -Wall -fstack-usage -fcyclomatic-complexity -MMD -MP -MF"Core/Src/dht.d" -MT"Core/Src/dht.o" --specs=nano.specs -mfpu=fpv4-sp-d16 -mfloat-abi=hard -mthumb -o "Core/Src/dht.o"
../Core/Src/dht.c: In function 'DHT_GetData':
../Core/Src/dht.c:237:47: warning: implicit declaration of function 'strlen' [-Wimplicit-function-declaration]
  237 |     HAL_UART_Transmit(&huart2, (uint8_t*)buf, strlen(buf), HAL_MAX_DELAY);
      |                                               ^~~~~~
../Core/Src/dht.c:19:1: note: include '<string.h>' or provide a declaration of 'strlen'
   18 | #include "DHT.h"
  +++ |+#include <string.h>
   19 | 
../Core/Src/dht.c:237:47: warning: incompatible implicit declaration of built-in function 'strlen' [-Wbuiltin-declaration-mismatch]
  237 |     HAL_UART_Transmit(&huart2, (uint8_t*)buf, strlen(buf), HAL_MAX_DELAY);
      |                                               ^~~~~~
../Core/Src/dht.c:237:47: note: include '<string.h>' or provide a declaration of 'strlen'
../Core/Src/dht.c:252:5: warning: implicit declaration of function 'snprintf' [-Wimplicit-function-declaration]
  252 |     snprintf(buf, sizeof(buf),
      |     ^~~~~~~~
../Core/Src/dht.c:19:1: note: include '<stdio.h>' or provide a declaration of 'snprintf'
   18 | #include "DHT.h"
  +++ |+#include <stdio.h>
   19 | 
../Core/Src/dht.c:252:5: warning: incompatible implicit declaration of built-in function 'snprintf' [-Wbuiltin-declaration-mismatch]
  252 |     snprintf(buf, sizeof(buf),
      |     ^~~~~~~~
../Core/Src/dht.c:252:5: note: include '<stdio.h>' or provide a declaration of 'snprintf'
arm-none-eabi-gcc -o "hardware.elf" @"objects.list"   -mcpu=cortex-m4 -T"C:\embeded-final\hardware\STM32F411RETX_FLASH.ld" --specs=nosys.specs -Wl,-Map="hardware.map" -Wl,--gc-sections -static --specs=nano.specs -mfpu=fpv4-sp-d16 -mfloat-abi=hard -mthumb -Wl,--start-group -lc -lm -Wl,--end-group
Finished building target: hardware.elf
 
arm-none-eabi-size  hardware.elf 
arm-none-eabi-objdump -h -S hardware.elf  > "hardware.list"
   text	   data	    bss	    dec	    hex	filename
  15388	     92	   2228	  17708	   452c	hardware.elf
Finished building: default.size.stdout
Finished building: hardware.list
 
 
16:53:48 **** Incremental Build of configuration Debug for project hardware ****
make -j22 all 
arm-none-eabi-gcc "../Core/Src/dht.c" -mcpu=cortex-m4 -std=gnu11 -g3 -DDEBUG -DUSE_HAL_DRIVER -DSTM32F411xE -c -I../Core/Inc -I../Drivers/STM32F4xx_HAL_Driver/Inc -I../Drivers/STM32F4xx_HAL_Driver/Inc/Legacy -I../Drivers/CMSIS/Device/ST/STM32F4xx/Include -I../Drivers/CMSIS/Include -O0 -ffunction-sections -fdata-sections -Wall -fstack-usage -fcyclomatic-complexity -MMD -MP -MF"Core/Src/dht.d" -MT"Core/Src/dht.o" --specs=nano.specs -mfpu=fpv4-sp-d16 -mfloat-abi=hard -mthumb -o "Core/Src/dht.o"
../Core/Src/dht.c: In function 'DHT_Start':
../Core/Src/dht.c:107:19: error: expected ';' before 'HAL_GPIO_WritePin'
  107 |         delay (20)
      |                   ^
      |                   ;
......
  116 |     HAL_GPIO_WritePin (DHT_PORT, DHT_PIN, 1);   // pull the pin high
      |     ~~~~~~~~~~~~~~~~~
../Core/Src/dht.c: In function 'DHT_GetData':
../Core/Src/dht.c:239:47: warning: implicit declaration of function 'strlen' [-Wimplicit-function-declaration]
  239 |     HAL_UART_Transmit(&huart2, (uint8_t*)buf, strlen(buf), HAL_MAX_DELAY);
      |                                               ^~~~~~
../Core/Src/dht.c:19:1: note: include '<string.h>' or provide a declaration of 'strlen'
   18 | #include "DHT.h"
  +++ |+#include <string.h>
   19 | 
../Core/Src/dht.c:239:47: warning: incompatible implicit declaration of built-in function 'strlen' [-Wbuiltin-declaration-mismatch]
  239 |     HAL_UART_Transmit(&huart2, (uint8_t*)buf, strlen(buf), HAL_MAX_DELAY);
      |                                               ^~~~~~
../Core/Src/dht.c:239:47: note: include '<string.h>' or provide a declaration of 'strlen'
../Core/Src/dht.c:254:5: warning: implicit declaration of function 'snprintf' [-Wimplicit-function-declaration]
  254 |     snprintf(buf, sizeof(buf),
      |     ^~~~~~~~
../Core/Src/dht.c:19:1: note: include '<stdio.h>' or provide a declaration of 'snprintf'
   18 | #include "DHT.h"
  +++ |+#include <stdio.h>
   19 | 
../Core/Src/dht.c:254:5: warning: incompatible implicit declaration of built-in function 'snprintf' [-Wbuiltin-declaration-mismatch]
  254 |     snprintf(buf, sizeof(buf),
      |     ^~~~~~~~
../Core/Src/dht.c:254:5: note: include '<stdio.h>' or provide a declaration of 'snprintf'
make: *** [Core/Src/subdir.mk:37: Core/Src/dht.o] Error 1
"make -j22 all" terminated with exit code 2. Build might be incomplete.
16:53:55 **** Incremental Build of configuration Debug for project hardware ****
make -j22 all 
arm-none-eabi-gcc "../Core/Src/dht.c" -mcpu=cortex-m4 -std=gnu11 -g3 -DDEBUG -DUSE_HAL_DRIVER -DSTM32F411xE -c -I../Core/Inc -I../Drivers/STM32F4xx_HAL_Driver/Inc -I../Drivers/STM32F4xx_HAL_Driver/Inc/Legacy -I../Drivers/CMSIS/Device/ST/STM32F4xx/Include -I../Drivers/CMSIS/Include -O0 -ffunction-sections -fdata-sections -Wall -fstack-usage -fcyclomatic-complexity -MMD -MP -MF"Core/Src/dht.d" -MT"Core/Src/dht.o" --specs=nano.specs -mfpu=fpv4-sp-d16 -mfloat-abi=hard -mthumb -o "Core/Src/dht.o"
../Core/Src/dht.c: In function 'DHT_Start':
../Core/Src/dht.c:107:19: error: expected ';' before 'HAL_GPIO_WritePin'
  107 |         delay (20)
      |                   ^
      |                   ;
......
  116 |     HAL_GPIO_WritePin (DHT_PORT, DHT_PIN, 1);   // pull the pin high
      |     ~~~~~~~~~~~~~~~~~
../Core/Src/dht.c: In function 'DHT_GetData':
../Core/Src/dht.c:239:47: warning: implicit declaration of function 'strlen' [-Wimplicit-function-declaration]
  239 |     HAL_UART_Transmit(&huart2, (uint8_t*)buf, strlen(buf), HAL_MAX_DELAY);
      |                                               ^~~~~~
../Core/Src/dht.c:19:1: note: include '<string.h>' or provide a declaration of 'strlen'
   18 | #include "DHT.h"
  +++ |+#include <string.h>
   19 | 
../Core/Src/dht.c:239:47: warning: incompatible implicit declaration of built-in function 'strlen' [-Wbuiltin-declaration-mismatch]
  239 |     HAL_UART_Transmit(&huart2, (uint8_t*)buf, strlen(buf), HAL_MAX_DELAY);
      |                                               ^~~~~~
../Core/Src/dht.c:239:47: note: include '<string.h>' or provide a declaration of 'strlen'
../Core/Src/dht.c:254:5: warning: implicit declaration of function 'snprintf' [-Wimplicit-function-declaration]
  254 |     snprintf(buf, sizeof(buf),
      |     ^~~~~~~~
../Core/Src/dht.c:19:1: note: include '<stdio.h>' or provide a declaration of 'snprintf'
   18 | #include "DHT.h"
  +++ |+#include <stdio.h>
   19 | 
../Core/Src/dht.c:254:5: warning: incompatible implicit declaration of built-in function 'snprintf' [-Wbuiltin-declaration-mismatch]
  254 |     snprintf(buf, sizeof(buf),
      |     ^~~~~~~~
../Core/Src/dht.c:254:5: note: include '<stdio.h>' or provide a declaration of 'snprintf'
make: *** [Core/Src/subdir.mk:37: Core/Src/dht.o] Error 1
"make -j22 all" terminated with exit code 2. Build might be incomplete.
16:54:16 **** Incremental Build of configuration Debug for project hardware ****
make -j22 all 
arm-none-eabi-gcc "../Core/Src/dht.c" -mcpu=cortex-m4 -std=gnu11 -g3 -DDEBUG -DUSE_HAL_DRIVER -DSTM32F411xE -c -I../Core/Inc -I../Drivers/STM32F4xx_HAL_Driver/Inc -I../Drivers/STM32F4xx_HAL_Driver/Inc/Legacy -I../Drivers/CMSIS/Device/ST/STM32F4xx/Include -I../Drivers/CMSIS/Include -O0 -ffunction-sections -fdata-sections -Wall -fstack-usage -fcyclomatic-complexity -MMD -MP -MF"Core/Src/dht.d" -MT"Core/Src/dht.o" --specs=nano.specs -mfpu=fpv4-sp-d16 -mfloat-abi=hard -mthumb -o "Core/Src/dht.o"
../Core/Src/dht.c: In function 'DHT_GetData':
../Core/Src/dht.c:239:47: warning: implicit declaration of function 'strlen' [-Wimplicit-function-declaration]
  239 |     HAL_UART_Transmit(&huart2, (uint8_t*)buf, strlen(buf), HAL_MAX_DELAY);
      |                                               ^~~~~~
../Core/Src/dht.c:19:1: note: include '<string.h>' or provide a declaration of 'strlen'
   18 | #include "DHT.h"
  +++ |+#include <string.h>
   19 | 
../Core/Src/dht.c:239:47: warning: incompatible implicit declaration of built-in function 'strlen' [-Wbuiltin-declaration-mismatch]
  239 |     HAL_UART_Transmit(&huart2, (uint8_t*)buf, strlen(buf), HAL_MAX_DELAY);
      |                                               ^~~~~~
../Core/Src/dht.c:239:47: note: include '<string.h>' or provide a declaration of 'strlen'
../Core/Src/dht.c:254:5: warning: implicit declaration of function 'snprintf' [-Wimplicit-function-declaration]
  254 |     snprintf(buf, sizeof(buf),
      |     ^~~~~~~~
../Core/Src/dht.c:19:1: note: include '<stdio.h>' or provide a declaration of 'snprintf'
   18 | #include "DHT.h"
  +++ |+#include <stdio.h>
   19 | 
../Core/Src/dht.c:254:5: warning: incompatible implicit declaration of built-in function 'snprintf' [-Wbuiltin-declaration-mismatch]
  254 |     snprintf(buf, sizeof(buf),
      |     ^~~~~~~~
../Core/Src/dht.c:254:5: note: include '<stdio.h>' or provide a declaration of 'snprintf'
arm-none-eabi-gcc -o "hardware.elf" @"objects.list"   -mcpu=cortex-m4 -T"C:\embeded-final\hardware\STM32F411RETX_FLASH.ld" --specs=nosys.specs -Wl,-Map="hardware.map" -Wl,--gc-sections -static --specs=nano.specs -mfpu=fpv4-sp-d16 -mfloat-abi=hard -mthumb -Wl,--start-group -lc -lm -Wl,--end-group
Finished building target: hardware.elf
 
arm-none-eabi-size  hardware.elf 
arm-none-eabi-objdump -h -S hardware.elf  > "hardware.list"
   text	   data	    bss	    dec	    hex	filename
  15356	     92	   2228	  17676	   450c	hardware.elf
Finished building: default.size.stdout
 
Finished building: hardware.list
 
16:56:01 **** Incremental Build of configuration Debug for project hardware ****
make -j22 all 
arm-none-eabi-gcc "../Core/Src/dht.c" -mcpu=cortex-m4 -std=gnu11 -g3 -DDEBUG -DUSE_HAL_DRIVER -DSTM32F411xE -c -I../Core/Inc -I../Drivers/STM32F4xx_HAL_Driver/Inc -I../Drivers/STM32F4xx_HAL_Driver/Inc/Legacy -I../Drivers/CMSIS/Device/ST/STM32F4xx/Include -I../Drivers/CMSIS/Include -O0 -ffunction-sections -fdata-sections -Wall -fstack-usage -fcyclomatic-complexity -MMD -MP -MF"Core/Src/dht.d" -MT"Core/Src/dht.o" --specs=nano.specs -mfpu=fpv4-sp-d16 -mfloat-abi=hard -mthumb -o "Core/Src/dht.o"
../Core/Src/dht.c: In function 'DHT_GetData':
../Core/Src/dht.c:239:47: warning: implicit declaration of function 'strlen' [-Wimplicit-function-declaration]
  239 |     HAL_UART_Transmit(&huart2, (uint8_t*)buf, strlen(buf), HAL_MAX_DELAY);
      |                                               ^~~~~~
../Core/Src/dht.c:19:1: note: include '<string.h>' or provide a declaration of 'strlen'
   18 | #include "DHT.h"
  +++ |+#include <string.h>
   19 | 
../Core/Src/dht.c:239:47: warning: incompatible implicit declaration of built-in function 'strlen' [-Wbuiltin-declaration-mismatch]
  239 |     HAL_UART_Transmit(&huart2, (uint8_t*)buf, strlen(buf), HAL_MAX_DELAY);
      |                                               ^~~~~~
../Core/Src/dht.c:239:47: note: include '<string.h>' or provide a declaration of 'strlen'
../Core/Src/dht.c:254:5: warning: implicit declaration of function 'snprintf' [-Wimplicit-function-declaration]
  254 |     snprintf(buf, sizeof(buf),
      |     ^~~~~~~~
../Core/Src/dht.c:19:1: note: include '<stdio.h>' or provide a declaration of 'snprintf'
   18 | #include "DHT.h"
  +++ |+#include <stdio.h>
   19 | 
../Core/Src/dht.c:254:5: warning: incompatible implicit declaration of built-in function 'snprintf' [-Wbuiltin-declaration-mismatch]
  254 |     snprintf(buf, sizeof(buf),
      |     ^~~~~~~~
../Core/Src/dht.c:254:5: note: include '<stdio.h>' or provide a declaration of 'snprintf'
arm-none-eabi-gcc -o "hardware.elf" @"objects.list"   -mcpu=cortex-m4 -T"C:\embeded-final\hardware\STM32F411RETX_FLASH.ld" --specs=nosys.specs -Wl,-Map="hardware.map" -Wl,--gc-sections -static --specs=nano.specs -mfpu=fpv4-sp-d16 -mfloat-abi=hard -mthumb -Wl,--start-group -lc -lm -Wl,--end-group
Finished building target: hardware.elf
 
arm-none-eabi-size  hardware.elf 
arm-none-eabi-objdump -h -S hardware.elf  > "hardware.list"
   text	   data	    bss	    dec	    hex	filename
  15352	     92	   2228	  17672	   4508	hardware.elf
Finished building: default.size.stdout
 
Finished building: hardware.list
 
17:00:33 **** Incremental Build of configuration Debug for project hardware ****
make -j22 all 
arm-none-eabi-gcc "../Drivers/STM32F4xx_HAL_Driver/Src/stm32f4xx_hal.c" -mcpu=cortex-m4 -std=gnu11 -g3 -DDEBUG -DUSE_HAL_DRIVER -DSTM32F411xE -c -I../Core/Inc -I../Drivers/STM32F4xx_HAL_Driver/Inc -I../Drivers/STM32F4xx_HAL_Driver/Inc/Legacy -I../Drivers/CMSIS/Device/ST/STM32F4xx/Include -I../Drivers/CMSIS/Include -O0 -ffunction-sections -fdata-sections -Wall -fstack-usage -fcyclomatic-complexity -MMD -MP -MF"Drivers/STM32F4xx_HAL_Driver/Src/stm32f4xx_hal.d" -MT"Drivers/STM32F4xx_HAL_Driver/Src/stm32f4xx_hal.o" --specs=nano.specs -mfpu=fpv4-sp-d16 -mfloat-abi=hard -mthumb -o "Drivers/STM32F4xx_HAL_Driver/Src/stm32f4xx_hal.o"
arm-none-eabi-gcc "../Drivers/STM32F4xx_HAL_Driver/Src/stm32f4xx_hal_adc.c" -mcpu=cortex-m4 -std=gnu11 -g3 -DDEBUG -DUSE_HAL_DRIVER -DSTM32F411xE -c -I../Core/Inc -I../Drivers/STM32F4xx_HAL_Driver/Inc -I../Drivers/STM32F4xx_HAL_Driver/Inc/Legacy -I../Drivers/CMSIS/Device/ST/STM32F4xx/Include -I../Drivers/CMSIS/Include -O0 -ffunction-sections -fdata-sections -Wall -fstack-usage -fcyclomatic-complexity -MMD -MP -MF"Drivers/STM32F4xx_HAL_Driver/Src/stm32f4xx_hal_adc.d" -MT"Drivers/STM32F4xx_HAL_Driver/Src/stm32f4xx_hal_adc.o" --specs=nano.specs -mfpu=fpv4-sp-d16 -mfloat-abi=hard -mthumb -o "Drivers/STM32F4xx_HAL_Driver/Src/stm32f4xx_hal_adc.o"
arm-none-eabi-gcc "../Drivers/STM32F4xx_HAL_Driver/Src/stm32f4xx_hal_adc_ex.c" -mcpu=cortex-m4 -std=gnu11 -g3 -DDEBUG -DUSE_HAL_DRIVER -DSTM32F411xE -c -I../Core/Inc -I../Drivers/STM32F4xx_HAL_Driver/Inc -I../Drivers/STM32F4xx_HAL_Driver/Inc/Legacy -I../Drivers/CMSIS/Device/ST/STM32F4xx/Include -I../Drivers/CMSIS/Include -O0 -ffunction-sections -fdata-sections -Wall -fstack-usage -fcyclomatic-complexity -MMD -MP -MF"Drivers/STM32F4xx_HAL_Driver/Src/stm32f4xx_hal_adc_ex.d" -MT"Drivers/STM32F4xx_HAL_Driver/Src/stm32f4xx_hal_adc_ex.o" --specs=nano.specs -mfpu=fpv4-sp-d16 -mfloat-abi=hard -mthumb -o "Drivers/STM32F4xx_HAL_Driver/Src/stm32f4xx_hal_adc_ex.o"
arm-none-eabi-gcc "../Drivers/STM32F4xx_HAL_Driver/Src/stm32f4xx_hal_cortex.c" -mcpu=cortex-m4 -std=gnu11 -g3 -DDEBUG -DUSE_HAL_DRIVER -DSTM32F411xE -c -I../Core/Inc -I../Drivers/STM32F4xx_HAL_Driver/Inc -I../Drivers/STM32F4xx_HAL_Driver/Inc/Legacy -I../Drivers/CMSIS/Device/ST/STM32F4xx/Include -I../Drivers/CMSIS/Include -O0 -ffunction-sections -fdata-sections -Wall -fstack-usage -fcyclomatic-complexity -MMD -MP -MF"Drivers/STM32F4xx_HAL_Driver/Src/stm32f4xx_hal_cortex.d" -MT"Drivers/STM32F4xx_HAL_Driver/Src/stm32f4xx_hal_cortex.o" --specs=nano.specs -mfpu=fpv4-sp-d16 -mfloat-abi=hard -mthumb -o "Drivers/STM32F4xx_HAL_Driver/Src/stm32f4xx_hal_cortex.o"
arm-none-eabi-gcc "../Drivers/STM32F4xx_HAL_Driver/Src/stm32f4xx_hal_dma.c" -mcpu=cortex-m4 -std=gnu11 -g3 -DDEBUG -DUSE_HAL_DRIVER -DSTM32F411xE -c -I../Core/Inc -I../Drivers/STM32F4xx_HAL_Driver/Inc -I../Drivers/STM32F4xx_HAL_Driver/Inc/Legacy -I../Drivers/CMSIS/Device/ST/STM32F4xx/Include -I../Drivers/CMSIS/Include -O0 -ffunction-sections -fdata-sections -Wall -fstack-usage -fcyclomatic-complexity -MMD -MP -MF"Drivers/STM32F4xx_HAL_Driver/Src/stm32f4xx_hal_dma.d" -MT"Drivers/STM32F4xx_HAL_Driver/Src/stm32f4xx_hal_dma.o" --specs=nano.specs -mfpu=fpv4-sp-d16 -mfloat-abi=hard -mthumb -o "Drivers/STM32F4xx_HAL_Driver/Src/stm32f4xx_hal_dma.o"
arm-none-eabi-gcc "../Drivers/STM32F4xx_HAL_Driver/Src/stm32f4xx_hal_dma_ex.c" -mcpu=cortex-m4 -std=gnu11 -g3 -DDEBUG -DUSE_HAL_DRIVER -DSTM32F411xE -c -I../Core/Inc -I../Drivers/STM32F4xx_HAL_Driver/Inc -I../Drivers/STM32F4xx_HAL_Driver/Inc/Legacy -I../Drivers/CMSIS/Device/ST/STM32F4xx/Include -I../Drivers/CMSIS/Include -O0 -ffunction-sections -fdata-sections -Wall -fstack-usage -fcyclomatic-complexity -MMD -MP -MF"Drivers/STM32F4xx_HAL_Driver/Src/stm32f4xx_hal_dma_ex.d" -MT"Drivers/STM32F4xx_HAL_Driver/Src/stm32f4xx_hal_dma_ex.o" --specs=nano.specs -mfpu=fpv4-sp-d16 -mfloat-abi=hard -mthumb -o "Drivers/STM32F4xx_HAL_Driver/Src/stm32f4xx_hal_dma_ex.o"
arm-none-eabi-gcc "../Drivers/STM32F4xx_HAL_Driver/Src/stm32f4xx_hal_exti.c" -mcpu=cortex-m4 -std=gnu11 -g3 -DDEBUG -DUSE_HAL_DRIVER -DSTM32F411xE -c -I../Core/Inc -I../Drivers/STM32F4xx_HAL_Driver/Inc -I../Drivers/STM32F4xx_HAL_Driver/Inc/Legacy -I../Drivers/CMSIS/Device/ST/STM32F4xx/Include -I../Drivers/CMSIS/Include -O0 -ffunction-sections -fdata-sections -Wall -fstack-usage -fcyclomatic-complexity -MMD -MP -MF"Drivers/STM32F4xx_HAL_Driver/Src/stm32f4xx_hal_exti.d" -MT"Drivers/STM32F4xx_HAL_Driver/Src/stm32f4xx_hal_exti.o" --specs=nano.specs -mfpu=fpv4-sp-d16 -mfloat-abi=hard -mthumb -o "Drivers/STM32F4xx_HAL_Driver/Src/stm32f4xx_hal_exti.o"
arm-none-eabi-gcc "../Drivers/STM32F4xx_HAL_Driver/Src/stm32f4xx_hal_flash.c" -mcpu=cortex-m4 -std=gnu11 -g3 -DDEBUG -DUSE_HAL_DRIVER -DSTM32F411xE -c -I../Core/Inc -I../Drivers/STM32F4xx_HAL_Driver/Inc -I../Drivers/STM32F4xx_HAL_Driver/Inc/Legacy -I../Drivers/CMSIS/Device/ST/STM32F4xx/Include -I../Drivers/CMSIS/Include -O0 -ffunction-sections -fdata-sections -Wall -fstack-usage -fcyclomatic-complexity -MMD -MP -MF"Drivers/STM32F4xx_HAL_Driver/Src/stm32f4xx_hal_flash.d" -MT"Drivers/STM32F4xx_HAL_Driver/Src/stm32f4xx_hal_flash.o" --specs=nano.specs -mfpu=fpv4-sp-d16 -mfloat-abi=hard -mthumb -o "Drivers/STM32F4xx_HAL_Driver/Src/stm32f4xx_hal_flash.o"
arm-none-eabi-gcc "../Drivers/STM32F4xx_HAL_Driver/Src/stm32f4xx_hal_flash_ex.c" -mcpu=cortex-m4 -std=gnu11 -g3 -DDEBUG -DUSE_HAL_DRIVER -DSTM32F411xE -c -I../Core/Inc -I../Drivers/STM32F4xx_HAL_Driver/Inc -I../Drivers/STM32F4xx_HAL_Driver/Inc/Legacy -I../Drivers/CMSIS/Device/ST/STM32F4xx/Include -I../Drivers/CMSIS/Include -O0 -ffunction-sections -fdata-sections -Wall -fstack-usage -fcyclomatic-complexity -MMD -MP -MF"Drivers/STM32F4xx_HAL_Driver/Src/stm32f4xx_hal_flash_ex.d" -MT"Drivers/STM32F4xx_HAL_Driver/Src/stm32f4xx_hal_flash_ex.o" --specs=nano.specs -mfpu=fpv4-sp-d16 -mfloat-abi=hard -mthumb -o "Drivers/STM32F4xx_HAL_Driver/Src/stm32f4xx_hal_flash_ex.o"
arm-none-eabi-gcc "../Drivers/STM32F4xx_HAL_Driver/Src/stm32f4xx_hal_flash_ramfunc.c" -mcpu=cortex-m4 -std=gnu11 -g3 -DDEBUG -DUSE_HAL_DRIVER -DSTM32F411xE -c -I../Core/Inc -I../Drivers/STM32F4xx_HAL_Driver/Inc -I../Drivers/STM32F4xx_HAL_Driver/Inc/Legacy -I../Drivers/CMSIS/Device/ST/STM32F4xx/Include -I../Drivers/CMSIS/Include -O0 -ffunction-sections -fdata-sections -Wall -fstack-usage -fcyclomatic-complexity -MMD -MP -MF"Drivers/STM32F4xx_HAL_Driver/Src/stm32f4xx_hal_flash_ramfunc.d" -MT"Drivers/STM32F4xx_HAL_Driver/Src/stm32f4xx_hal_flash_ramfunc.o" --specs=nano.specs -mfpu=fpv4-sp-d16 -mfloat-abi=hard -mthumb -o "Drivers/STM32F4xx_HAL_Driver/Src/stm32f4xx_hal_flash_ramfunc.o"
arm-none-eabi-gcc "../Drivers/STM32F4xx_HAL_Driver/Src/stm32f4xx_hal_gpio.c" -mcpu=cortex-m4 -std=gnu11 -g3 -DDEBUG -DUSE_HAL_DRIVER -DSTM32F411xE -c -I../Core/Inc -I../Drivers/STM32F4xx_HAL_Driver/Inc -I../Drivers/STM32F4xx_HAL_Driver/Inc/Legacy -I../Drivers/CMSIS/Device/ST/STM32F4xx/Include -I../Drivers/CMSIS/Include -O0 -ffunction-sections -fdata-sections -Wall -fstack-usage -fcyclomatic-complexity -MMD -MP -MF"Drivers/STM32F4xx_HAL_Driver/Src/stm32f4xx_hal_gpio.d" -MT"Drivers/STM32F4xx_HAL_Driver/Src/stm32f4xx_hal_gpio.o" --specs=nano.specs -mfpu=fpv4-sp-d16 -mfloat-abi=hard -mthumb -o "Drivers/STM32F4xx_HAL_Driver/Src/stm32f4xx_hal_gpio.o"
arm-none-eabi-gcc "../Drivers/STM32F4xx_HAL_Driver/Src/stm32f4xx_hal_pwr.c" -mcpu=cortex-m4 -std=gnu11 -g3 -DDEBUG -DUSE_HAL_DRIVER -DSTM32F411xE -c -I../Core/Inc -I../Drivers/STM32F4xx_HAL_Driver/Inc -I../Drivers/STM32F4xx_HAL_Driver/Inc/Legacy -I../Drivers/CMSIS/Device/ST/STM32F4xx/Include -I../Drivers/CMSIS/Include -O0 -ffunction-sections -fdata-sections -Wall -fstack-usage -fcyclomatic-complexity -MMD -MP -MF"Drivers/STM32F4xx_HAL_Driver/Src/stm32f4xx_hal_pwr.d" -MT"Drivers/STM32F4xx_HAL_Driver/Src/stm32f4xx_hal_pwr.o" --specs=nano.specs -mfpu=fpv4-sp-d16 -mfloat-abi=hard -mthumb -o "Drivers/STM32F4xx_HAL_Driver/Src/stm32f4xx_hal_pwr.o"
arm-none-eabi-gcc "../Drivers/STM32F4xx_HAL_Driver/Src/stm32f4xx_hal_pwr_ex.c" -mcpu=cortex-m4 -std=gnu11 -g3 -DDEBUG -DUSE_HAL_DRIVER -DSTM32F411xE -c -I../Core/Inc -I../Drivers/STM32F4xx_HAL_Driver/Inc -I../Drivers/STM32F4xx_HAL_Driver/Inc/Legacy -I../Drivers/CMSIS/Device/ST/STM32F4xx/Include -I../Drivers/CMSIS/Include -O0 -ffunction-sections -fdata-sections -Wall -fstack-usage -fcyclomatic-complexity -MMD -MP -MF"Drivers/STM32F4xx_HAL_Driver/Src/stm32f4xx_hal_pwr_ex.d" -MT"Drivers/STM32F4xx_HAL_Driver/Src/stm32f4xx_hal_pwr_ex.o" --specs=nano.specs -mfpu=fpv4-sp-d16 -mfloat-abi=hard -mthumb -o "Drivers/STM32F4xx_HAL_Driver/Src/stm32f4xx_hal_pwr_ex.o"
arm-none-eabi-gcc "../Drivers/STM32F4xx_HAL_Driver/Src/stm32f4xx_hal_rcc.c" -mcpu=cortex-m4 -std=gnu11 -g3 -DDEBUG -DUSE_HAL_DRIVER -DSTM32F411xE -c -I../Core/Inc -I../Drivers/STM32F4xx_HAL_Driver/Inc -I../Drivers/STM32F4xx_HAL_Driver/Inc/Legacy -I../Drivers/CMSIS/Device/ST/STM32F4xx/Include -I../Drivers/CMSIS/Include -O0 -ffunction-sections -fdata-sections -Wall -fstack-usage -fcyclomatic-complexity -MMD -MP -MF"Drivers/STM32F4xx_HAL_Driver/Src/stm32f4xx_hal_rcc.d" -MT"Drivers/STM32F4xx_HAL_Driver/Src/stm32f4xx_hal_rcc.o" --specs=nano.specs -mfpu=fpv4-sp-d16 -mfloat-abi=hard -mthumb -o "Drivers/STM32F4xx_HAL_Driver/Src/stm32f4xx_hal_rcc.o"
arm-none-eabi-gcc "../Drivers/STM32F4xx_HAL_Driver/Src/stm32f4xx_hal_rcc_ex.c" -mcpu=cortex-m4 -std=gnu11 -g3 -DDEBUG -DUSE_HAL_DRIVER -DSTM32F411xE -c -I../Core/Inc -I../Drivers/STM32F4xx_HAL_Driver/Inc -I../Drivers/STM32F4xx_HAL_Driver/Inc/Legacy -I../Drivers/CMSIS/Device/ST/STM32F4xx/Include -I../Drivers/CMSIS/Include -O0 -ffunction-sections -fdata-sections -Wall -fstack-usage -fcyclomatic-complexity -MMD -MP -MF"Drivers/STM32F4xx_HAL_Driver/Src/stm32f4xx_hal_rcc_ex.d" -MT"Drivers/STM32F4xx_HAL_Driver/Src/stm32f4xx_hal_rcc_ex.o" --specs=nano.specs -mfpu=fpv4-sp-d16 -mfloat-abi=hard -mthumb -o "Drivers/STM32F4xx_HAL_Driver/Src/stm32f4xx_hal_rcc_ex.o"
arm-none-eabi-gcc "../Drivers/STM32F4xx_HAL_Driver/Src/stm32f4xx_hal_tim.c" -mcpu=cortex-m4 -std=gnu11 -g3 -DDEBUG -DUSE_HAL_DRIVER -DSTM32F411xE -c -I../Core/Inc -I../Drivers/STM32F4xx_HAL_Driver/Inc -I../Drivers/STM32F4xx_HAL_Driver/Inc/Legacy -I../Drivers/CMSIS/Device/ST/STM32F4xx/Include -I../Drivers/CMSIS/Include -O0 -ffunction-sections -fdata-sections -Wall -fstack-usage -fcyclomatic-complexity -MMD -MP -MF"Drivers/STM32F4xx_HAL_Driver/Src/stm32f4xx_hal_tim.d" -MT"Drivers/STM32F4xx_HAL_Driver/Src/stm32f4xx_hal_tim.o" --specs=nano.specs -mfpu=fpv4-sp-d16 -mfloat-abi=hard -mthumb -o "Drivers/STM32F4xx_HAL_Driver/Src/stm32f4xx_hal_tim.o"
arm-none-eabi-gcc "../Drivers/STM32F4xx_HAL_Driver/Src/stm32f4xx_hal_tim_ex.c" -mcpu=cortex-m4 -std=gnu11 -g3 -DDEBUG -DUSE_HAL_DRIVER -DSTM32F411xE -c -I../Core/Inc -I../Drivers/STM32F4xx_HAL_Driver/Inc -I../Drivers/STM32F4xx_HAL_Driver/Inc/Legacy -I../Drivers/CMSIS/Device/ST/STM32F4xx/Include -I../Drivers/CMSIS/Include -O0 -ffunction-sections -fdata-sections -Wall -fstack-usage -fcyclomatic-complexity -MMD -MP -MF"Drivers/STM32F4xx_HAL_Driver/Src/stm32f4xx_hal_tim_ex.d" -MT"Drivers/STM32F4xx_HAL_Driver/Src/stm32f4xx_hal_tim_ex.o" --specs=nano.specs -mfpu=fpv4-sp-d16 -mfloat-abi=hard -mthumb -o "Drivers/STM32F4xx_HAL_Driver/Src/stm32f4xx_hal_tim_ex.o"
arm-none-eabi-gcc "../Drivers/STM32F4xx_HAL_Driver/Src/stm32f4xx_hal_uart.c" -mcpu=cortex-m4 -std=gnu11 -g3 -DDEBUG -DUSE_HAL_DRIVER -DSTM32F411xE -c -I../Core/Inc -I../Drivers/STM32F4xx_HAL_Driver/Inc -I../Drivers/STM32F4xx_HAL_Driver/Inc/Legacy -I../Drivers/CMSIS/Device/ST/STM32F4xx/Include -I../Drivers/CMSIS/Include -O0 -ffunction-sections -fdata-sections -Wall -fstack-usage -fcyclomatic-complexity -MMD -MP -MF"Drivers/STM32F4xx_HAL_Driver/Src/stm32f4xx_hal_uart.d" -MT"Drivers/STM32F4xx_HAL_Driver/Src/stm32f4xx_hal_uart.o" --specs=nano.specs -mfpu=fpv4-sp-d16 -mfloat-abi=hard -mthumb -o "Drivers/STM32F4xx_HAL_Driver/Src/stm32f4xx_hal_uart.o"
arm-none-eabi-gcc "../Drivers/STM32F4xx_HAL_Driver/Src/stm32f4xx_ll_adc.c" -mcpu=cortex-m4 -std=gnu11 -g3 -DDEBUG -DUSE_HAL_DRIVER -DSTM32F411xE -c -I../Core/Inc -I../Drivers/STM32F4xx_HAL_Driver/Inc -I../Drivers/STM32F4xx_HAL_Driver/Inc/Legacy -I../Drivers/CMSIS/Device/ST/STM32F4xx/Include -I../Drivers/CMSIS/Include -O0 -ffunction-sections -fdata-sections -Wall -fstack-usage -fcyclomatic-complexity -MMD -MP -MF"Drivers/STM32F4xx_HAL_Driver/Src/stm32f4xx_ll_adc.d" -MT"Drivers/STM32F4xx_HAL_Driver/Src/stm32f4xx_ll_adc.o" --specs=nano.specs -mfpu=fpv4-sp-d16 -mfloat-abi=hard -mthumb -o "Drivers/STM32F4xx_HAL_Driver/Src/stm32f4xx_ll_adc.o"
arm-none-eabi-gcc "../Core/Src/dht.c" -mcpu=cortex-m4 -std=gnu11 -g3 -DDEBUG -DUSE_HAL_DRIVER -DSTM32F411xE -c -I../Core/Inc -I../Drivers/STM32F4xx_HAL_Driver/Inc -I../Drivers/STM32F4xx_HAL_Driver/Inc/Legacy -I../Drivers/CMSIS/Device/ST/STM32F4xx/Include -I../Drivers/CMSIS/Include -O0 -ffunction-sections -fdata-sections -Wall -fstack-usage -fcyclomatic-complexity -MMD -MP -MF"Core/Src/dht.d" -MT"Core/Src/dht.o" --specs=nano.specs -mfpu=fpv4-sp-d16 -mfloat-abi=hard -mthumb -o "Core/Src/dht.o"
arm-none-eabi-gcc "../Core/Src/main.c" -mcpu=cortex-m4 -std=gnu11 -g3 -DDEBUG -DUSE_HAL_DRIVER -DSTM32F411xE -c -I../Core/Inc -I../Drivers/STM32F4xx_HAL_Driver/Inc -I../Drivers/STM32F4xx_HAL_Driver/Inc/Legacy -I../Drivers/CMSIS/Device/ST/STM32F4xx/Include -I../Drivers/CMSIS/Include -O0 -ffunction-sections -fdata-sections -Wall -fstack-usage -fcyclomatic-complexity -MMD -MP -MF"Core/Src/main.d" -MT"Core/Src/main.o" --specs=nano.specs -mfpu=fpv4-sp-d16 -mfloat-abi=hard -mthumb -o "Core/Src/main.o"
arm-none-eabi-gcc "../Core/Src/stm32f4xx_hal_msp.c" -mcpu=cortex-m4 -std=gnu11 -g3 -DDEBUG -DUSE_HAL_DRIVER -DSTM32F411xE -c -I../Core/Inc -I../Drivers/STM32F4xx_HAL_Driver/Inc -I../Drivers/STM32F4xx_HAL_Driver/Inc/Legacy -I../Drivers/CMSIS/Device/ST/STM32F4xx/Include -I../Drivers/CMSIS/Include -O0 -ffunction-sections -fdata-sections -Wall -fstack-usage -fcyclomatic-complexity -MMD -MP -MF"Core/Src/stm32f4xx_hal_msp.d" -MT"Core/Src/stm32f4xx_hal_msp.o" --specs=nano.specs -mfpu=fpv4-sp-d16 -mfloat-abi=hard -mthumb -o "Core/Src/stm32f4xx_hal_msp.o"
arm-none-eabi-gcc "../Core/Src/stm32f4xx_it.c" -mcpu=cortex-m4 -std=gnu11 -g3 -DDEBUG -DUSE_HAL_DRIVER -DSTM32F411xE -c -I../Core/Inc -I../Drivers/STM32F4xx_HAL_Driver/Inc -I../Drivers/STM32F4xx_HAL_Driver/Inc/Legacy -I../Drivers/CMSIS/Device/ST/STM32F4xx/Include -I../Drivers/CMSIS/Include -O0 -ffunction-sections -fdata-sections -Wall -fstack-usage -fcyclomatic-complexity -MMD -MP -MF"Core/Src/stm32f4xx_it.d" -MT"Core/Src/stm32f4xx_it.o" --specs=nano.specs -mfpu=fpv4-sp-d16 -mfloat-abi=hard -mthumb -o "Core/Src/stm32f4xx_it.o"
../Core/Src/dht.c: In function 'DHT_Start':
../Core/Src/dht.c:107:9: warning: implicit declaration of function 'microDelay' [-Wimplicit-function-declaration]
  107 |         microDelay (20);
      |         ^~~~~~~~~~
../Core/Src/dht.c: In function 'DHT_GetData':
../Core/Src/dht.c:239:47: warning: implicit declaration of function 'strlen' [-Wimplicit-function-declaration]
  239 |     HAL_UART_Transmit(&huart2, (uint8_t*)buf, strlen(buf), HAL_MAX_DELAY);
      |                                               ^~~~~~
../Core/Src/dht.c:19:1: note: include '<string.h>' or provide a declaration of 'strlen'
   18 | #include "DHT.h"
  +++ |+#include <string.h>
   19 | 
../Core/Src/dht.c:239:47: warning: incompatible implicit declaration of built-in function 'strlen' [-Wbuiltin-declaration-mismatch]
  239 |     HAL_UART_Transmit(&huart2, (uint8_t*)buf, strlen(buf), HAL_MAX_DELAY);
      |                                               ^~~~~~
../Core/Src/dht.c:239:47: note: include '<string.h>' or provide a declaration of 'strlen'
../Core/Src/dht.c:254:5: warning: implicit declaration of function 'snprintf' [-Wimplicit-function-declaration]
  254 |     snprintf(buf, sizeof(buf),
      |     ^~~~~~~~
../Core/Src/dht.c:19:1: note: include '<stdio.h>' or provide a declaration of 'snprintf'
   18 | #include "DHT.h"
  +++ |+#include <stdio.h>
   19 | 
../Core/Src/dht.c:254:5: warning: incompatible implicit declaration of built-in function 'snprintf' [-Wbuiltin-declaration-mismatch]
  254 |     snprintf(buf, sizeof(buf),
      |     ^~~~~~~~
../Core/Src/dht.c:254:5: note: include '<stdio.h>' or provide a declaration of 'snprintf'
arm-none-eabi-gcc "../Core/Src/system_stm32f4xx.c" -mcpu=cortex-m4 -std=gnu11 -g3 -DDEBUG -DUSE_HAL_DRIVER -DSTM32F411xE -c -I../Core/Inc -I../Drivers/STM32F4xx_HAL_Driver/Inc -I../Drivers/STM32F4xx_HAL_Driver/Inc/Legacy -I../Drivers/CMSIS/Device/ST/STM32F4xx/Include -I../Drivers/CMSIS/Include -O0 -ffunction-sections -fdata-sections -Wall -fstack-usage -fcyclomatic-complexity -MMD -MP -MF"Core/Src/system_stm32f4xx.d" -MT"Core/Src/system_stm32f4xx.o" --specs=nano.specs -mfpu=fpv4-sp-d16 -mfloat-abi=hard -mthumb -o "Core/Src/system_stm32f4xx.o"
arm-none-eabi-gcc -o "hardware.elf" @"objects.list"   -mcpu=cortex-m4 -T"C:\embeded-final\hardware\STM32F411RETX_FLASH.ld" --specs=nosys.specs -Wl,-Map="hardware.map" -Wl,--gc-sections -static --specs=nano.specs -mfpu=fpv4-sp-d16 -mfloat-abi=hard -mthumb -Wl,--start-group -lc -lm -Wl,--end-group
Finished building target: hardware.elf
 
arm-none-eabi-size  hardware.elf 
arm-none-eabi-objdump -h -S hardware.elf  > "hardware.list"
   text	   data	    bss	    dec	    hex	filename
  16916	     92	   2300	  19308	   4b6c	hardware.elf
Finished building: default.size.stdout
 
Finished building: hardware.list
 
17:01:28 **** Incremental Build of configuration Debug for project hardware ****
make -j22 all 
arm-none-eabi-gcc "../Core/Src/dht.c" -mcpu=cortex-m4 -std=gnu11 -g3 -DDEBUG -DUSE_HAL_DRIVER -DSTM32F411xE -c -I../Core/Inc -I../Drivers/STM32F4xx_HAL_Driver/Inc -I../Drivers/STM32F4xx_HAL_Driver/Inc/Legacy -I../Drivers/CMSIS/Device/ST/STM32F4xx/Include -I../Drivers/CMSIS/Include -O0 -ffunction-sections -fdata-sections -Wall -fstack-usage -fcyclomatic-complexity -MMD -MP -MF"Core/Src/dht.d" -MT"Core/Src/dht.o" --specs=nano.specs -mfpu=fpv4-sp-d16 -mfloat-abi=hard -mthumb -o "Core/Src/dht.o"
In file included from ../Core/Inc/stm32f4xx_hal_conf.h:407,
                 from ../Drivers/STM32F4xx_HAL_Driver/Inc/stm32f4xx_hal.h:29,
                 from ../Core/Src/dht.c:4:
../Core/Src/dht.c: In function 'microDelay':
../Core/Src/dht.c:101:32: error: 'htim1' undeclared (first use in this function)
  101 |         __HAL_TIM_SET_COUNTER(&htim1, 0);
      |                                ^~~~~
../Drivers/STM32F4xx_HAL_Driver/Inc/stm32f4xx_hal_tim.h:1282:59: note: in definition of macro '__HAL_TIM_SET_COUNTER'
 1282 | #define __HAL_TIM_SET_COUNTER(__HANDLE__, __COUNTER__)  ((__HANDLE__)->Instance->CNT = (__COUNTER__))
      |                                                           ^~~~~~~~~~
../Core/Src/dht.c:101:32: note: each undeclared identifier is reported only once for each function it appears in
  101 |         __HAL_TIM_SET_COUNTER(&htim1, 0);
      |                                ^~~~~
../Drivers/STM32F4xx_HAL_Driver/Inc/stm32f4xx_hal_tim.h:1282:59: note: in definition of macro '__HAL_TIM_SET_COUNTER'
 1282 | #define __HAL_TIM_SET_COUNTER(__HANDLE__, __COUNTER__)  ((__HANDLE__)->Instance->CNT = (__COUNTER__))
      |                                                           ^~~~~~~~~~
../Core/Src/dht.c: In function 'DHT_GetData':
../Core/Src/dht.c:244:47: warning: implicit declaration of function 'strlen' [-Wimplicit-function-declaration]
  244 |     HAL_UART_Transmit(&huart2, (uint8_t*)buf, strlen(buf), HAL_MAX_DELAY);
      |                                               ^~~~~~
../Core/Src/dht.c:19:1: note: include '<string.h>' or provide a declaration of 'strlen'
   18 | #include "DHT.h"
  +++ |+#include <string.h>
   19 | 
../Core/Src/dht.c:244:47: warning: incompatible implicit declaration of built-in function 'strlen' [-Wbuiltin-declaration-mismatch]
  244 |     HAL_UART_Transmit(&huart2, (uint8_t*)buf, strlen(buf), HAL_MAX_DELAY);
      |                                               ^~~~~~
../Core/Src/dht.c:244:47: note: include '<string.h>' or provide a declaration of 'strlen'
../Core/Src/dht.c:259:5: warning: implicit declaration of function 'snprintf' [-Wimplicit-function-declaration]
  259 |     snprintf(buf, sizeof(buf),
      |     ^~~~~~~~
../Core/Src/dht.c:19:1: note: include '<stdio.h>' or provide a declaration of 'snprintf'
   18 | #include "DHT.h"
  +++ |+#include <stdio.h>
   19 | 
../Core/Src/dht.c:259:5: warning: incompatible implicit declaration of built-in function 'snprintf' [-Wbuiltin-declaration-mismatch]
  259 |     snprintf(buf, sizeof(buf),
      |     ^~~~~~~~
../Core/Src/dht.c:259:5: note: include '<stdio.h>' or provide a declaration of 'snprintf'
make: *** [Core/Src/subdir.mk:37: Core/Src/dht.o] Error 1
"make -j22 all" terminated with exit code 2. Build might be incomplete.
17:04:46 **** Incremental Build of configuration Debug for project hardware ****
make -j22 all 
arm-none-eabi-gcc "../Core/Src/dht.c" -mcpu=cortex-m4 -std=gnu11 -g3 -DDEBUG -DUSE_HAL_DRIVER -DSTM32F411xE -c -I../Core/Inc -I../Drivers/STM32F4xx_HAL_Driver/Inc -I../Drivers/STM32F4xx_HAL_Driver/Inc/Legacy -I../Drivers/CMSIS/Device/ST/STM32F4xx/Include -I../Drivers/CMSIS/Include -O0 -ffunction-sections -fdata-sections -Wall -fstack-usage -fcyclomatic-complexity -MMD -MP -MF"Core/Src/dht.d" -MT"Core/Src/dht.o" --specs=nano.specs -mfpu=fpv4-sp-d16 -mfloat-abi=hard -mthumb -o "Core/Src/dht.o"
arm-none-eabi-gcc "../Core/Src/main.c" -mcpu=cortex-m4 -std=gnu11 -g3 -DDEBUG -DUSE_HAL_DRIVER -DSTM32F411xE -c -I../Core/Inc -I../Drivers/STM32F4xx_HAL_Driver/Inc -I../Drivers/STM32F4xx_HAL_Driver/Inc/Legacy -I../Drivers/CMSIS/Device/ST/STM32F4xx/Include -I../Drivers/CMSIS/Include -O0 -ffunction-sections -fdata-sections -Wall -fstack-usage -fcyclomatic-complexity -MMD -MP -MF"Core/Src/main.d" -MT"Core/Src/main.o" --specs=nano.specs -mfpu=fpv4-sp-d16 -mfloat-abi=hard -mthumb -o "Core/Src/main.o"
../Core/Src/main.c: In function 'DHT_Start':
../Core/Src/main.c:90:9: warning: implicit declaration of function 'Set_Pin_Output' [-Wimplicit-function-declaration]
   90 |         Set_Pin_Output (DHT_PORT, DHT_PIN);  // set the pin as output
      |         ^~~~~~~~~~~~~~
../Core/Src/main.c:90:25: error: 'DHT_PORT' undeclared (first use in this function)
   90 |         Set_Pin_Output (DHT_PORT, DHT_PIN);  // set the pin as output
      |                         ^~~~~~~~
../Core/Src/main.c:90:25: note: each undeclared identifier is reported only once for each function it appears in
../Core/Src/main.c:90:35: error: 'DHT_PIN' undeclared (first use in this function)
   90 |         Set_Pin_Output (DHT_PORT, DHT_PIN);  // set the pin as output
      |                                   ^~~~~~~
../Core/Src/main.c:95:9: warning: implicit declaration of function 'Set_Pin_Input' [-Wimplicit-function-declaration]
   95 |         Set_Pin_Input(DHT_PORT, DHT_PIN);    // set as input
      |         ^~~~~~~~~~~~~
../Core/Src/main.c: In function 'DHT_Read':
../Core/Src/main.c:107:14: warning: implicit declaration of function 'wait_for_pin_state' [-Wimplicit-function-declaration]
  107 |         if (!wait_for_pin_state(DHT_PORT, DHT_PIN, GPIO_PIN_SET, 200))
      |              ^~~~~~~~~~~~~~~~~~
../Core/Src/main.c:107:33: error: 'DHT_PORT' undeclared (first use in this function)
  107 |         if (!wait_for_pin_state(DHT_PORT, DHT_PIN, GPIO_PIN_SET, 200))
      |                                 ^~~~~~~~
../Core/Src/main.c:107:43: error: 'DHT_PIN' undeclared (first use in this function)
  107 |         if (!wait_for_pin_state(DHT_PORT, DHT_PIN, GPIO_PIN_SET, 200))
      |                                           ^~~~~~~
../Core/Src/main.c: In function 'DHT_GetData':
../Core/Src/main.c:146:5: error: 'Rh_byte1' undeclared (first use in this function)
  146 |     Rh_byte1   = DHT_Read ();
      |     ^~~~~~~~
../Core/Src/main.c:147:5: error: 'Rh_byte2' undeclared (first use in this function)
  147 |     Rh_byte2   = DHT_Read ();
      |     ^~~~~~~~
../Core/Src/main.c:148:5: error: 'Temp_byte1' undeclared (first use in this function)
  148 |     Temp_byte1 = DHT_Read ();
      |     ^~~~~~~~~~
../Core/Src/main.c:149:5: error: 'Temp_byte2' undeclared (first use in this function)
  149 |     Temp_byte2 = DHT_Read ();
      |     ^~~~~~~~~~
../Core/Src/main.c:150:5: error: 'SUM' undeclared (first use in this function)
  150 |     SUM        = DHT_Read();
      |     ^~~
make: *** [Core/Src/subdir.mk:37: Core/Src/main.o] Error 1
"make -j22 all" terminated with exit code 2. Build might be incomplete.
17:10:47 **** Incremental Build of configuration Debug for project hardware ****
make -j22 all 
[...]
Finished building target: hardware.elf
 
arm-none-eabi-size  hardware.elf 
arm-none-eabi-objdump -h -S hardware.elf  > "hardware.list"
   text	   data	    bss	    dec	    hex	filename
  18188	     92	   2300	  20580	   5064	hardware.elf
Finished building: default.size.stdout
 
Finished building: hardware.list
 
19:06:09 **** Incremental Build of configuration Debug for project hardware ****
make -j22 all 
arm-none-eabi-gcc "../Core/Src/main.c" -mcpu=cortex-m4 -std=gnu11 -g3 -DDEBUG -DUSE_HAL_DRIVER -DSTM32F411xE -c -I../Core/Inc -I../Drivers/STM32F4xx_HAL_Driver/Inc -I../Drivers/STM32F4xx_HAL_Driver/Inc/Legacy -I../Drivers/CMSIS/Device/ST/STM32F4xx/Include -I../Drivers/CMSIS/Include -O0 -ffunction-sections -fdata-sections -Wall -fstack-usage -fcyclomatic-complexity -MMD -MP -MF"Core/Src/main.d" -MT"Core/Src/main.o" --specs=nano.specs -mfpu=fpv4-sp-d16 -mfloat-abi=hard -mthumb -o "Core/Src/main.o"
../Core/Src/main.c: In function 'StartThermal_and_Humidity':
../Core/Src/main.c:185:51: warning: format '%d' expects argument of type 'int', but argument 3 has type 'double' [-Wformat=]
  185 |             sprintf(buffer, "VALID DATA -> Temp: %d C, Humidity: %d %%\r\n",
      |                                                  ~^
      |                                                   |
      |                                                   int
      |                                                  %f
  186 |                     tempC, hum);
      |                     ~~~~~                          
      |                     |
      |                     double
../Core/Src/main.c:185:67: warning: format '%d' expects argument of type 'int', but argument 4 has type 'double' [-Wformat=]
  185 |             sprintf(buffer, "VALID DATA -> Temp: %d C, Humidity: %d %%\r\n",
      |                                                                  ~^
      |                                                                   |
      |                                                                   int
      |                                                                  %f
  186 |                     tempC, hum);
      |                            ~~~                                     
      |                            |
      |                            double
arm-none-eabi-gcc -o "hardware.elf" @"objects.list"   -mcpu=cortex-m4 -T"C:\embeded-final\hardware\STM32F411RETX_FLASH.ld" --specs=nosys.specs -Wl,-Map="hardware.map" -Wl,--gc-sections -static --specs=nano.specs -mfpu=fpv4-sp-d16 -mfloat-abi=hard -mthumb -Wl,--start-group -lc -lm -Wl,--end-group
Finished building target: hardware.elf
 
arm-none-eabi-size  hardware.elf 
arm-none-eabi-objdump -h -S hardware.elf  > "hardware.list"
   text	   data	    bss	    dec	    hex	filename
  18412	     92	   2300	  20804	   5144	hardware.elf
Finished building: default.size.stdout
 
Finished building: hardware.list
 
19:11:52 **** Incremental Build of configuration Debug for project hardware ****
make -j22 all 
arm-none-eabi-gcc "../Core/Src/main.c" -mcpu=cortex-m4 -std=gnu11 -g3 -DDEBUG -DUSE_HAL_DRIVER -DSTM32F411xE -c -I../Core/Inc -I../Drivers/STM32F4xx_HAL_Driver/Inc -I../Drivers/STM32F4xx_HAL_Driver/Inc/Legacy -I../Drivers/CMSIS/Device/ST/STM32F4xx/Include -I../Drivers/CMSIS/Include -O0 -ffunction-sections -fdata-sections -Wall -fstack-usage -fcyclomatic-complexity -MMD -MP -MF"Core/Src/main.d" -MT"Core/Src/main.o" --specs=nano.specs -mfpu=fpv4-sp-d16 -mfloat-abi=hard -mthumb -o "Core/Src/main.o"
../Core/Src/main.c: In function 'StartThermal_and_Humidity':
../Core/Src/main.c:185:51: warning: format '%d' expects argument of type 'int', but argument 3 has type 'double' [-Wformat=]
  185 |             sprintf(buffer, "VALID DATA -> Temp: %d C, Humidity: %d %%\r\n",
      |                                                  ~^
      |                                                   |
      |                                                   int
      |                                                  %f
  186 |                     tempC, hum);
      |                     ~~~~~                          
      |                     |
      |                     double
../Core/Src/main.c:185:67: warning: format '%d' expects argument of type 'int', but argument 4 has type 'double' [-Wformat=]
  185 |             sprintf(buffer, "VALID DATA -> Temp: %d C, Humidity: %d %%\r\n",
      |                                                                  ~^
      |                                                                   |
      |                                                                   int
      |                                                                  %f
  186 |                     tempC, hum);
      |                            ~~~                                     
      |                            |
      |                            double
arm-none-eabi-gcc -o "hardware.elf" @"objects.list"   -mcpu=cortex-m4 -T"C:\embeded-final\hardware\STM32F411RETX_FLASH.ld" --specs=nosys.specs -Wl,-Map="hardware.map" -Wl,--gc-sections -static --specs=nano.specs -mfpu=fpv4-sp-d16 -mfloat-abi=hard -mthumb -Wl,--start-group -lc -lm -Wl,--end-group
Finished building target: hardware.elf
 
arm-none-eabi-size  hardware.elf 
arm-none-eabi-objdump -h -S hardware.elf  > "hardware.list"
   text	   data	    bss	    dec	    hex	filename
  18416	     92	   2300	  20808	   5148	hardware.elf
Finished building: default.size.stdout
 
Finished building: hardware.list
 
19:13:50 **** Incremental Build of configuration Debug for project hardware ****
make -j22 all 
arm-none-eabi-gcc "../Core/Src/main.c" -mcpu=cortex-m4 -std=gnu11 -g3 -DDEBUG -DUSE_HAL_DRIVER -DSTM32F411xE -c -I../Core/Inc -I../Drivers/STM32F4xx_HAL_Driver/Inc -I../Drivers/STM32F4xx_HAL_Driver/Inc/Legacy -I../Drivers/CMSIS/Device/ST/STM32F4xx/Include -I../Drivers/CMSIS/Include -O0 -ffunction-sections -fdata-sections -Wall -fstack-usage -fcyclomatic-complexity -MMD -MP -MF"Core/Src/main.d" -MT"Core/Src/main.o" --specs=nano.specs -mfpu=fpv4-sp-d16 -mfloat-abi=hard -mthumb -o "Core/Src/main.o"
../Core/Src/main.c: In function 'StartThermal_and_Humidity':
../Core/Src/main.c:195:47: warning: format '%d' expects argument of type 'int', but argument 3 has type 'double' [-Wformat=]
  195 |         sprintf(buffer, "VALID DATA -> Temp: %d C, Humidity: %d %%\r\n",
      |                                              ~^
      |                                               |
      |                                               int
      |                                              %f
  196 |                 tempC, hum);
      |                 ~~~~~                          
      |                 |
      |                 double
../Core/Src/main.c:195:63: warning: format '%d' expects argument of type 'int', but argument 4 has type 'double' [-Wformat=]
  195 |         sprintf(buffer, "VALID DATA -> Temp: %d C, Humidity: %d %%\r\n",
      |                                                              ~^
      |                                                               |
      |                                                               int
      |                                                              %f
  196 |                 tempC, hum);
      |                        ~~~                                     
      |                        |
      |                        double
arm-none-eabi-gcc -o "hardware.elf" @"objects.list"   -mcpu=cortex-m4 -T"C:\embeded-final\hardware\STM32F411RETX_FLASH.ld" --specs=nosys.specs -Wl,-Map="hardware.map" -Wl,--gc-sections -static --specs=nano.specs -mfpu=fpv4-sp-d16 -mfloat-abi=hard -mthumb -Wl,--start-group -lc -lm -Wl,--end-group
Finished building target: hardware.elf
 
arm-none-eabi-size  hardware.elf 
arm-none-eabi-objdump -h -S hardware.elf  > "hardware.list"
   text	   data	    bss	    dec	    hex	filename
  18436	     92	   2300	  20828	   515c	hardware.elf
Finished building: default.size.stdout
 
Finished building: hardware.list
 
19:18:56 **** Incremental Build of configuration Debug for project hardware ****
make -j22 all 
arm-none-eabi-gcc "../Core/Src/main.c" -mcpu=cortex-m4 -std=gnu11 -g3 -DDEBUG -DUSE_HAL_DRIVER -DSTM32F411xE -c -I../Core/Inc -I../Drivers/STM32F4xx_HAL_Driver/Inc -I../Drivers/STM32F4xx_HAL_Driver/Inc/Legacy -I../Drivers/CMSIS/Device/ST/STM32F4xx/Include -I../Drivers/CMSIS/Include -O0 -ffunction-sections -fdata-sections -Wall -fstack-usage -fcyclomatic-complexity -MMD -MP -MF"Core/Src/main.d" -MT"Core/Src/main.o" --specs=nano.specs -mfpu=fpv4-sp-d16 -mfloat-abi=hard -mthumb -o "Core/Src/main.o"
../Core/Src/main.c:61:1: error: unknown type name 'DHT_DataTypedef'
   61 | DHT_DataTypedef DHT11_Data;
      | ^~~~~~~~~~~~~~~
../Core/Src/main.c:76:39: error: unknown type name 'DHT_DataTypedef'
   76 | static void StartThermal_and_Humidity(DHT_DataTypedef*);
      |                                       ^~~~~~~~~~~~~~~
../Core/Src/main.c:166:32: error: unknown type name 'DHT_DataTypedef'
  166 | void StartThermal_and_Humidity(DHT_DataTypedef *DHT_Data)
      |                                ^~~~~~~~~~~~~~~
../Core/Src/main.c: In function 'main':
../Core/Src/main.c:339:18: warning: implicit declaration of function 'StartThermal_and_Humidity' [-Wimplicit-function-declaration]
  339 |                  StartThermal_and_Humidity(&DHT11_Data);
      |                  ^~~~~~~~~~~~~~~~~~~~~~~~~
../Core/Src/main.c:345:44: error: request for member 'Temperature' in something not a structure or union
  345 |                  Temperature_f = DHT11_Data.Temperature;
      |                                            ^
../Core/Src/main.c:346:44: error: request for member 'Humidity' in something not a structure or union
  346 |                  Humidity_f    = DHT11_Data.Humidity;
      |                                            ^
../Core/Src/main.c: At top level:
../Core/Src/main.c:134:9: warning: 'DHT_Read' defined but not used [-Wunused-function]
  134 | uint8_t DHT_Read(void)
      |         ^~~~~~~~
../Core/Src/main.c:92:9: warning: 'DHT_Start' defined but not used [-Wunused-function]
   92 | uint8_t DHT_Start(void)
      |         ^~~~~~~~~
make: *** [Core/Src/subdir.mk:37: Core/Src/main.o] Error 1
"make -j22 all" terminated with exit code 2. Build might be incomplete.
19:19:29 **** Incremental Build of configuration Debug for project hardware ****
make -j22 all 
arm-none-eabi-gcc "../Core/Src/main.c" -mcpu=cortex-m4 -std=gnu11 -g3 -DDEBUG -DUSE_HAL_DRIVER -DSTM32F411xE -c -I../Core/Inc -I../Drivers/STM32F4xx_HAL_Driver/Inc -I../Drivers/STM32F4xx_HAL_Driver/Inc/Legacy -I../Drivers/CMSIS/Device/ST/STM32F4xx/Include -I../Drivers/CMSIS/Include -O0 -ffunction-sections -fdata-sections -Wall -fstack-usage -fcyclomatic-complexity -MMD -MP -MF"Core/Src/main.d" -MT"Core/Src/main.o" --specs=nano.specs -mfpu=fpv4-sp-d16 -mfloat-abi=hard -mthumb -o "Core/Src/main.o"
../Core/Src/main.c: In function 'StartThermal_and_Humidity':
../Core/Src/main.c:195:47: warning: format '%d' expects argument of type 'int', but argument 3 has type 'double' [-Wformat=]
  195 |         sprintf(buffer, "VALID DATA -> Temp: %d C, Humidity: %d %%\r\n",
      |                                              ~^
      |                                               |
      |                                               int
      |                                              %f
  196 |                 tempC, hum);
      |                 ~~~~~                          
      |                 |
      |                 double
../Core/Src/main.c:195:63: warning: format '%d' expects argument of type 'int', but argument 4 has type 'double' [-Wformat=]
  195 |         sprintf(buffer, "VALID DATA -> Temp: %d C, Humidity: %d %%\r\n",
      |                                                              ~^
      |                                                               |
      |                                                               int
      |                                                              %f
  196 |                 tempC, hum);
      |                        ~~~                                     
      |                        |
      |                        double
arm-none-eabi-gcc -o "hardware.elf" @"objects.list"   -mcpu=cortex-m4 -T"C:\embeded-final\hardware\STM32F411RETX_FLASH.ld" --specs=nosys.specs -Wl,-Map="hardware.map" -Wl,--gc-sections -static --specs=nano.specs -mfpu=fpv4-sp-d16 -mfloat-abi=hard -mthumb -Wl,--start-group -lc -lm -Wl,--end-group
Finished building target: hardware.elf
 
arm-none-eabi-size  hardware.elf 
arm-none-eabi-objdump -h -S hardware.elf  > "hardware.list"
   text	   data	    bss	    dec	    hex	filename
  18436	     92	   2300	  20828	   515c	hardware.elf
Finished building: default.size.stdout
 
Finished building: hardware.list
 
19:21:14 **** Incremental Build of configuration Debug for project hardware ****
make -j22 all 
arm-none-eabi-gcc "../Core/Src/main.c" -mcpu=cortex-m4 -std=gnu11 -g3 -DDEBUG -DUSE_HAL_DRIVER -DSTM32F411xE -c -I../Core/Inc -I../Drivers/STM32F4xx_HAL_Driver/Inc -I../Drivers/STM32F4xx_HAL_Driver/Inc/Legacy -I../Drivers/CMSIS/Device/ST/STM32F4xx/Include -I../Drivers/CMSIS/Include -O0 -ffunction-sections -fdata-sections -Wall -fstack-usage -fcyclomatic-complexity -MMD -MP -MF"Core/Src/main.d" -MT"Core/Src/main.o" --specs=nano.specs -mfpu=fpv4-sp-d16 -mfloat-abi=hard -mthumb -o "Core/Src/main.o"
../Core/Src/main.c: In function 'DHT_Start':
../Core/Src/main.c:94:13: warning: unused variable 'Response' [-Wunused-variable]
   94 |     uint8_t Response = 0;
      |             ^~~~~~~~
../Core/Src/main.c: In function 'StartThermal_and_Humidity':
../Core/Src/main.c:197:47: warning: format '%d' expects argument of type 'int', but argument 3 has type 'double' [-Wformat=]
  197 |         sprintf(buffer, "VALID DATA -> Temp: %d C, Humidity: %d %%\r\n",
      |                                              ~^
      |                                               |
      |                                               int
      |                                              %f
  198 |                 tempC, hum);
      |                 ~~~~~                          
      |                 |
      |                 double
../Core/Src/main.c:197:63: warning: format '%d' expects argument of type 'int', but argument 4 has type 'double' [-Wformat=]
  197 |         sprintf(buffer, "VALID DATA -> Temp: %d C, Humidity: %d %%\r\n",
      |                                                              ~^
      |                                                               |
      |                                                               int
      |                                                              %f
  198 |                 tempC, hum);
      |                        ~~~                                     
      |                        |
      |                        double
arm-none-eabi-gcc -o "hardware.elf" @"objects.list"   -mcpu=cortex-m4 -T"C:\embeded-final\hardware\STM32F411RETX_FLASH.ld" --specs=nosys.specs -Wl,-Map="hardware.map" -Wl,--gc-sections -static --specs=nano.specs -mfpu=fpv4-sp-d16 -mfloat-abi=hard -mthumb -Wl,--start-group -lc -lm -Wl,--end-group
Finished building target: hardware.elf
 
arm-none-eabi-size  hardware.elf 
arm-none-eabi-objdump -h -S hardware.elf  > "hardware.list"
   text	   data	    bss	    dec	    hex	filename
  18324	     92	   2300	  20716	   50ec	hardware.elf
Finished building: default.size.stdout
 
Finished building: hardware.list
 
19:31:43 **** Incremental Build of configuration Debug for project hardware ****
make -j22 all 
arm-none-eabi-gcc "../Core/Src/main.c" -mcpu=cortex-m4 -std=gnu11 -g3 -DDEBUG -DUSE_HAL_DRIVER -DSTM32F411xE -c -I../Core/Inc -I../Drivers/STM32F4xx_HAL_Driver/Inc -I../Drivers/STM32F4xx_HAL_Driver/Inc/Legacy -I../Drivers/CMSIS/Device/ST/STM32F4xx/Include -I../Drivers/CMSIS/Include -O0 -ffunction-sections -fdata-sections -Wall -fstack-usage -fcyclomatic-complexity -MMD -MP -MF"Core/Src/main.d" -MT"Core/Src/main.o" --specs=nano.specs -mfpu=fpv4-sp-d16 -mfloat-abi=hard -mthumb -o "Core/Src/main.o"
arm-none-eabi-gcc -o "hardware.elf" @"objects.list"   -mcpu=cortex-m4 -T"C:\embeded-final\hardware\STM32F411RETX_FLASH.ld" --specs=nosys.specs -Wl,-Map="hardware.map" -Wl,--gc-sections -static --specs=nano.specs -mfpu=fpv4-sp-d16 -mfloat-abi=hard -mthumb -Wl,--start-group -lc -lm -Wl,--end-group
Finished building target: hardware.elf
 
arm-none-eabi-size  hardware.elf 
arm-none-eabi-objdump -h -S hardware.elf  > "hardware.list"
   text	   data	    bss	    dec	    hex	filename
  18516	     92	   2300	  20908	   51ac	hardware.elf
Finished building: default.size.stdout
 
Finished building: hardware.list
 
19:34:05 **** Incremental Build of configuration Debug for project hardware ****
make -j22 all 
arm-none-eabi-size  hardware.elf 
   text	   data	    bss	    dec	    hex	filename
  18516	     92	   2300	  20908	   51ac	hardware.elf
Finished building: default.size.stdout
 
19:37:18 **** Incremental Build of configuration Debug for project hardware ****
make -j22 all 
arm-none-eabi-gcc "../Core/Src/main.c" -mcpu=cortex-m4 -std=gnu11 -g3 -DDEBUG -DUSE_HAL_DRIVER -DSTM32F411xE -c -I../Core/Inc -I../Drivers/STM32F4xx_HAL_Driver/Inc -I../Drivers/STM32F4xx_HAL_Driver/Inc/Legacy -I../Drivers/CMSIS/Device/ST/STM32F4xx/Include -I../Drivers/CMSIS/Include -O0 -ffunction-sections -fdata-sections -Wall -fstack-usage -fcyclomatic-complexity -MMD -MP -MF"Core/Src/main.d" -MT"Core/Src/main.o" --specs=nano.specs -mfpu=fpv4-sp-d16 -mfloat-abi=hard -mthumb -o "Core/Src/main.o"
../Core/Src/main.c: In function 'StartThermal_and_Humidity':
../Core/Src/main.c:195:47: warning: format '%d' expects argument of type 'int', but argument 3 has type 'double' [-Wformat=]
  195 |         sprintf(buffer, "VALID DATA -> Temp: %d C, Humidity: %d %%\r\n",
      |                                              ~^
      |                                               |
      |                                               int
      |                                              %f
  196 |                 tempC, hum);
      |                 ~~~~~                          
      |                 |
      |                 double
../Core/Src/main.c:195:63: warning: format '%d' expects argument of type 'int', but argument 4 has type 'double' [-Wformat=]
  195 |         sprintf(buffer, "VALID DATA -> Temp: %d C, Humidity: %d %%\r\n",
      |                                                              ~^
      |                                                               |
      |                                                               int
      |                                                              %f
  196 |                 tempC, hum);
      |                        ~~~                                     
      |                        |
      |                        double
arm-none-eabi-gcc -o "hardware.elf" @"objects.list"   -mcpu=cortex-m4 -T"C:\embeded-final\hardware\STM32F411RETX_FLASH.ld" --specs=nosys.specs -Wl,-Map="hardware.map" -Wl,--gc-sections -static --specs=nano.specs -mfpu=fpv4-sp-d16 -mfloat-abi=hard -mthumb -Wl,--start-group -lc -lm -Wl,--end-group
Finished building target: hardware.elf
 
arm-none-eabi-size  hardware.elf 
arm-none-eabi-objdump -h -S hardware.elf  > "hardware.list"
   text	   data	    bss	    dec	    hex	filename
  18436	     92	   2300	  20828	   515c	hardware.elf
Finished building: default.size.stdout
 
Finished building: hardware.list
 
19:44:54 **** Incremental Build of configuration Debug for project hardware ****
make -j22 all 
arm-none-eabi-size  hardware.elf 
   text	   data	    bss	    dec	    hex	filename
  18436	     92	   2300	  20828	   515c	hardware.elf
Finished building: default.size.stdout
 
